###############################################################################
#
# IAR ELF Linker V9.60.3.422/W64 for ARM                  01/Sep/2025  19:02:07
# Copyright 2007-2024 IAR Systems AB.
#
#    Output file  =
#        C:\WorkSpace\ExternalLoader_STM32H5_W25Q64\Project\W25Q64JV_STM32H562\Exe\W25Q128JV_NUCLEO-H563ZI.stldr
#    Map file     =
#        C:\WorkSpace\ExternalLoader_STM32H5_W25Q64\Project\W25Q64JV_STM32H562\List\W25Q128JV_NUCLEO-H563ZI.map
#    Command line =
#        -f
#        C:\WorkSpace\ExternalLoader_STM32H5_W25Q64\Project\W25Q64JV_STM32H562\Exe\W25Q128JV_NUCLEO-H563ZI.stldr.rsp
#        (C:\WorkSpace\ExternalLoader_STM32H5_W25Q64\Project\W25Q64JV_STM32H562\Obj\Loader_5723430765115092510.dir\Dev_Inf.o
#        C:\WorkSpace\ExternalLoader_STM32H5_W25Q64\Project\W25Q64JV_STM32H562\Obj\Loader_5723430765115092510.dir\Loader_Src.o
#        C:\WorkSpace\ExternalLoader_STM32H5_W25Q64\Project\W25Q64JV_STM32H562\Obj\Library_12270351780628986503.dir\stm32h5xx_hal.o
#        C:\WorkSpace\ExternalLoader_STM32H5_W25Q64\Project\W25Q64JV_STM32H562\Obj\Library_12270351780628986503.dir\stm32h5xx_hal_cortex.o
#        C:\WorkSpace\ExternalLoader_STM32H5_W25Q64\Project\W25Q64JV_STM32H562\Obj\Library_12270351780628986503.dir\stm32h5xx_hal_dma.o
#        C:\WorkSpace\ExternalLoader_STM32H5_W25Q64\Project\W25Q64JV_STM32H562\Obj\Library_12270351780628986503.dir\stm32h5xx_hal_dma_ex.o
#        C:\WorkSpace\ExternalLoader_STM32H5_W25Q64\Project\W25Q64JV_STM32H562\Obj\Library_12270351780628986503.dir\stm32h5xx_hal_exti.o
#        C:\WorkSpace\ExternalLoader_STM32H5_W25Q64\Project\W25Q64JV_STM32H562\Obj\Library_12270351780628986503.dir\stm32h5xx_hal_flash.o
#        C:\WorkSpace\ExternalLoader_STM32H5_W25Q64\Project\W25Q64JV_STM32H562\Obj\Library_12270351780628986503.dir\stm32h5xx_hal_flash_ex.o
#        C:\WorkSpace\ExternalLoader_STM32H5_W25Q64\Project\W25Q64JV_STM32H562\Obj\Library_12270351780628986503.dir\stm32h5xx_hal_gpio.o
#        C:\WorkSpace\ExternalLoader_STM32H5_W25Q64\Project\W25Q64JV_STM32H562\Obj\Library_12270351780628986503.dir\stm32h5xx_hal_pwr.o
#        C:\WorkSpace\ExternalLoader_STM32H5_W25Q64\Project\W25Q64JV_STM32H562\Obj\Library_12270351780628986503.dir\stm32h5xx_hal_pwr_ex.o
#        C:\WorkSpace\ExternalLoader_STM32H5_W25Q64\Project\W25Q64JV_STM32H562\Obj\Library_12270351780628986503.dir\stm32h5xx_hal_rcc.o
#        C:\WorkSpace\ExternalLoader_STM32H5_W25Q64\Project\W25Q64JV_STM32H562\Obj\Library_12270351780628986503.dir\stm32h5xx_hal_rcc_ex.o
#        C:\WorkSpace\ExternalLoader_STM32H5_W25Q64\Project\W25Q64JV_STM32H562\Obj\Library_12270351780628986503.dir\stm32h5xx_hal_uart.o
#        C:\WorkSpace\ExternalLoader_STM32H5_W25Q64\Project\W25Q64JV_STM32H562\Obj\Library_12270351780628986503.dir\stm32h5xx_hal_uart_ex.o
#        C:\WorkSpace\ExternalLoader_STM32H5_W25Q64\Project\W25Q64JV_STM32H562\Obj\Library_12270351780628986503.dir\stm32h5xx_hal_usart.o
#        C:\WorkSpace\ExternalLoader_STM32H5_W25Q64\Project\W25Q64JV_STM32H562\Obj\Library_12270351780628986503.dir\stm32h5xx_hal_usart_ex.o
#        C:\WorkSpace\ExternalLoader_STM32H5_W25Q64\Project\W25Q64JV_STM32H562\Obj\Library_12270351780628986503.dir\stm32h5xx_hal_xspi.o
#        C:\WorkSpace\ExternalLoader_STM32H5_W25Q64\Project\W25Q64JV_STM32H562\Obj\Library_12270351780628986503.dir\system_stm32h5xx.o
#        C:\WorkSpace\ExternalLoader_STM32H5_W25Q64\Project\W25Q64JV_STM32H562\Obj\Library_12270351780628986503.dir\w25q64jv_driver.o
#        --no_out_extension -o
#        C:\WorkSpace\ExternalLoader_STM32H5_W25Q64\Project\W25Q64JV_STM32H562\Exe\W25Q128JV_NUCLEO-H563ZI.stldr
#        --strip --map
#        C:\WorkSpace\ExternalLoader_STM32H5_W25Q64\Project\W25Q64JV_STM32H562\List\W25Q128JV_NUCLEO-H563ZI.map
#        --config C:\WorkSpace\ExternalLoader_STM32H5_W25Q64\Project\Target.icf
#        --semihosting --entry Init --vfe --text_out locale
#        --cpu=Cortex-M33.no_dsp.no_se --fpu=None) --dependencies=n
#        C:\WorkSpace\ExternalLoader_STM32H5_W25Q64\Project\W25Q64JV_STM32H562\Exe\W25Q128JV_NUCLEO-H563ZI.stldr.iar_deps
#
###############################################################################

*******************************************************************************
*** RUNTIME MODEL ATTRIBUTES
***

__CPP_Runtime   = 1
__SystemLibrary = DLib
__dlib_version  = 6


*******************************************************************************
*** HEAP SELECTION
***

The basic heap was selected because --advanced_heap
was not specified and the application did not appear to
be primarily optimized for speed.


*******************************************************************************
*** PLACEMENT SUMMARY
***

define block RAM_BLOCK with fixed order { ro code, ro data, rw };
"P1":  place in [from 0x2000'0004 to 0x2004'0000] { block RAM_BLOCK };
"P2":  place in [from 0x2000'0004 to 0x2004'0000] { zi };
define block Info_BLOCK with fixed order { ro data object Dev_Inf.o };
"P3":  place in [from 0x0 to 0x100] { block Info_BLOCK };
do not initialize { section .info, rw };

  Section     Kind         Address  Alignment    Size  Object
  -------     ----         -------  ---------    ----  ------
"P3":                                            0xc8
  Info_BLOCK                   0x0               0xc8  <Block>
    .rodata   const            0x0          4    0xc8  Dev_Inf.o [2]
                            - 0xc8               0xc8

"P1-P2", part 1 of 2:                          0x66c8
  RAM_BLOCK            0x2000'0004             0x66c8  <Block>
    .text     ro code  0x2000'0004          4   0x414  Loader_Src.o [2]
    .text     ro code  0x2000'0418          4    0x66  ABImemset.o [5]
    .text     ro code  0x2000'0480          4    0xf0  system_stm32h5xx.o [1]
    .text     ro code  0x2000'0570          4    0x4c  stm32h5xx_hal.o [1]
    .text     ro code  0x2000'05bc          4   0x9e4  w25q64jv_driver.o [1]
    .text     ro code  0x2000'0fa0          4    0x28  printf.o [3]
    .text     ro code  0x2000'0fc8          4   0xb9c  stm32h5xx_hal_rcc.o [1]
    .text     ro code  0x2000'1b64          4    0x10  stm32h5xx_hal_pwr_ex.o [1]
    .text     ro code  0x2000'1b74          4    0x9c  stm32h5xx_hal_cortex.o [1]
    .text     ro code  0x2000'1c10          4   0x698  stm32h5xx_hal_uart.o [1]
    .text     ro code  0x2000'22a8          4   0x7d4  stm32h5xx_hal_xspi.o [1]
    .text     ro code  0x2000'2a7c          4   0x284  stm32h5xx_hal_gpio.o [1]
    .text     ro code  0x2000'2d00          4  0x302c  stm32h5xx_hal_rcc_ex.o [1]
    .text     ro code  0x2000'5d2c          2   0x13a  xprintftiny.o [3]
    .text     ro code  0x2000'5e68          4    0x1a  U32ToFlt.o [4]
    .text     ro code  0x2000'5e84          4   0x118  FltDiv.o [4]
    .text     ro code  0x2000'5f9c          4   0x162  FltAddSub.o [4]
    .text     ro code  0x2000'6100          4    0xd8  FltMul.o [4]
    .text     ro code  0x2000'61d8          4    0x18  FltToU32.o [4]
    .text     ro code  0x2000'61f0          4   0x230  I64DivMod.o [5]
    .text     ro code  0x2000'6420          2     0x2  stm32h5xx_hal_xspi.o [1]
    .text     ro code  0x2000'6424          4    0x20  stm32h5xx_hal_rcc_ex.o [1]
    .text     ro code  0x2000'6444          4    0x36  strlen.o [5]
    .text     ro code  0x2000'647c          4     0x2  I64DivZer.o [5]
    .text     ro code  0x2000'647e          2    0x16  xprout.o [3]
    .text     ro code  0x2000'6494          2    0x20  putchar.o [3]
    .rodata   const    0x2000'64b4          4     0xc  Loader_Src.o [2]
    .rodata   const    0x2000'64c0          4     0x8  Loader_Src.o [2]
    .rodata   const    0x2000'64c8          4    0x10  Loader_Src.o [2]
    .rodata   const    0x2000'64d8          4     0x8  Loader_Src.o [2]
    .rodata   const    0x2000'64e0          4     0xc  Loader_Src.o [2]
    .rodata   const    0x2000'64ec          4    0x10  Loader_Src.o [2]
    .rodata   const    0x2000'64fc          4     0xc  Loader_Src.o [2]
    .rodata   const    0x2000'6508          4     0x8  Loader_Src.o [2]
    .rodata   const    0x2000'6510          4    0x18  stm32h5xx_hal_uart.o [1]
    .rodata   const    0x2000'6528          4    0x10  system_stm32h5xx.o [1]
    .rodata   const    0x2000'6538          4     0x8  system_stm32h5xx.o [1]
    .rodata   const    0x2000'6540          4     0xc  w25q64jv_driver.o [1]
    .rodata   const    0x2000'654c          4     0xc  w25q64jv_driver.o [1]
    .rodata   const    0x2000'6558          4    0x10  w25q64jv_driver.o [1]
    .rodata   const    0x2000'6568          4    0x10  w25q64jv_driver.o [1]
    .rodata   const    0x2000'6578          4    0x14  w25q64jv_driver.o [1]
    .rodata   const    0x2000'658c          4    0x14  w25q64jv_driver.o [1]
    .rodata   const    0x2000'65a0          4    0x14  w25q64jv_driver.o [1]
    .rodata   const    0x2000'65b4          4    0x14  w25q64jv_driver.o [1]
    .rodata   const    0x2000'65c8          4    0x14  w25q64jv_driver.o [1]
    .rodata   const    0x2000'65dc          4    0x14  w25q64jv_driver.o [1]
    .rodata   const    0x2000'65f0          4    0x10  w25q64jv_driver.o [1]
    .rodata   const    0x2000'6600          4    0x10  w25q64jv_driver.o [1]
    .rodata   const    0x2000'6610          4    0x20  w25q64jv_driver.o [1]
    .rodata   const    0x2000'6630          4    0x14  w25q64jv_driver.o [1]
    .rodata   const    0x2000'6644          4    0x10  w25q64jv_driver.o [1]
    .rodata   const    0x2000'6654          4    0x14  w25q64jv_driver.o [1]
    .rodata   const    0x2000'6668          4    0x14  w25q64jv_driver.o [1]
    .rodata   const    0x2000'667c          4    0x10  w25q64jv_driver.o [1]
    .rodata   const    0x2000'668c          4    0x10  w25q64jv_driver.o [1]
    .rodata   const    0x2000'669c          4    0x14  w25q64jv_driver.o [1]
    .rodata   const    0x2000'66b0          4    0x14  w25q64jv_driver.o [1]
    .data     rw data  0x2000'66c4          4     0x4  stm32h5xx_hal.o [1]
    .data     rw data  0x2000'66c8          4     0x4  system_stm32h5xx.o [1]
                     - 0x2000'66cc             0x66c8

"P1-P2", part 2 of 2:                            0xf4
  .bss                 0x2000'66cc               0xf4  <Block>
    .bss      uninit   0x2000'66cc          4     0x4  stm32h5xx_hal.o [1]
    .bss      uninit   0x2000'66d0          4    0x5c  w25q64jv_driver.o [1]
    .bss      uninit   0x2000'672c          4    0x94  w25q64jv_driver.o [1]
                     - 0x2000'67c0               0xf4

Unused ranges:

         From           To      Size
         ----           --      ----
         0xc8        0x100      0x39
  0x2000'67c0  0x2004'0000  0x3'9841



*******************************************************************************
*** MODULE SUMMARY
***

    Module                  ro code  ro data  rw data
    ------                  -------  -------  -------
command line/config:
    -------------------------------------------------
    Total:

C:\WorkSpace\ExternalLoader_STM32H5_W25Q64\Project\W25Q64JV_STM32H562\Obj\Library_12270351780628986503.dir: [1]
    stm32h5xx_hal.o              76                 8
    stm32h5xx_hal_cortex.o      156
    stm32h5xx_hal_gpio.o        644
    stm32h5xx_hal_pwr_ex.o       16
    stm32h5xx_hal_rcc.o       2'972
    stm32h5xx_hal_rcc_ex.o   12'364
    stm32h5xx_hal_uart.o      1'688       24
    stm32h5xx_hal_xspi.o      2'006
    system_stm32h5xx.o          240       24        4
    w25q64jv_driver.o         2'532      388      240
    -------------------------------------------------
    Total:                   22'694      436      252

C:\WorkSpace\ExternalLoader_STM32H5_W25Q64\Project\W25Q64JV_STM32H562\Obj\Loader_5723430765115092510.dir: [2]
    Dev_Inf.o                            200
    Loader_Src.o              1'044       92
    -------------------------------------------------
    Total:                    1'044      292

dl7M_tln.a: [3]
    printf.o                     40
    putchar.o                    32
    xprintftiny.o               314
    xprout.o                     22
    -------------------------------------------------
    Total:                      408

m7M_tl.a: [4]
    FltAddSub.o                 354
    FltDiv.o                    280
    FltMul.o                    216
    FltToU32.o                   24
    U32ToFlt.o                   26
    -------------------------------------------------
    Total:                      900

rt7M_tl.a: [5]
    ABImemset.o                 102
    I64DivMod.o                 560
    I64DivZer.o                   2
    strlen.o                     54
    -------------------------------------------------
    Total:                      718

    Gaps                         12
-----------------------------------------------------
    Grand Total:             25'776      728      252


*******************************************************************************
*** ENTRY LIST
***

Entry                       Address    Size  Type      Object
-----                       -------    ----  ----      ------
.bss$$Base              0x2000'66cc           --   Gb  - Linker created -
.bss$$Length                   0xf4           --   Gb  - Linker created -
.bss$$Limit             0x2000'67c0           --   Gb  - Linker created -
AHBPrescTable           0x2000'6528    0x10  Data  Gb  system_stm32h5xx.o [1]
APBPrescTable           0x2000'6538     0x8  Data  Gb  system_stm32h5xx.o [1]
CheckSum                0x2000'0179   0x128  Code  Gb  Loader_Src.o [2]
DoTestFunctionInit      0x2000'0d53    0x38  Code  Gb  w25q64jv_driver.o [1]
HAL_GPIO_DeInit         0x2000'2bf1    0xf6  Code  Gb  stm32h5xx_hal_gpio.o [1]
HAL_GPIO_Init           0x2000'2a7d   0x174  Code  Gb  stm32h5xx_hal_gpio.o [1]
HAL_GetTick             0x2000'0033    0x22  Code  Gb  Loader_Src.o [2]
HAL_Init                0x2000'0571    0x3e  Code  Gb  stm32h5xx_hal.o [1]
HAL_InitTick            0x2000'0005    0x2e  Code  Gb  Loader_Src.o [2]
HAL_MspInit             0x2000'0411     0x8  Code  Gb  Loader_Src.o [2]
HAL_NVIC_SetPriorityGrouping
                        0x2000'1b93     0x8  Code  Gb  stm32h5xx_hal_cortex.o [1]
HAL_PWREx_DisableUCPDDeadBattery
                        0x2000'1b65     0xc  Code  Gb  stm32h5xx_hal_pwr_ex.o [1]
HAL_RCCEx_GetPLL1ClockFreq
                        0x2000'3e1d   0x230  Code  Gb  stm32h5xx_hal_rcc_ex.o [1]
HAL_RCCEx_GetPLL2ClockFreq
                        0x2000'405d   0x22a  Code  Gb  stm32h5xx_hal_rcc_ex.o [1]
HAL_RCCEx_GetPLL3ClockFreq
                        0x2000'4287   0x21e  Code  Gb  stm32h5xx_hal_rcc_ex.o [1]
HAL_RCCEx_GetPeriphCLKFreq
                        0x2000'44dd  0x166a  Code  Gb  stm32h5xx_hal_rcc_ex.o [1]
HAL_RCCEx_PeriphCLKConfig
                        0x2000'2d01  0x1114  Code  Gb  stm32h5xx_hal_rcc_ex.o [1]
HAL_RCC_ClockConfig     0x2000'1645   0x270  Code  Gb  stm32h5xx_hal_rcc.o [1]
HAL_RCC_GetHCLKFreq     0x2000'1aa5    0x20  Code  Gb  stm32h5xx_hal_rcc.o [1]
HAL_RCC_GetPCLK1Freq    0x2000'1ac5    0x1a  Code  Gb  stm32h5xx_hal_rcc.o [1]
HAL_RCC_GetPCLK2Freq    0x2000'1adf    0x1a  Code  Gb  stm32h5xx_hal_rcc.o [1]
HAL_RCC_GetPCLK3Freq    0x2000'1afd    0x1a  Code  Gb  stm32h5xx_hal_rcc.o [1]
HAL_RCC_GetSysClockFreq
                        0x2000'18dd   0x1c8  Code  Gb  stm32h5xx_hal_rcc.o [1]
HAL_RCC_OscConfig       0x2000'0fc9   0x67c  Code  Gb  stm32h5xx_hal_rcc.o [1]
HAL_SYSTICK_CLKSourceConfig
                        0x2000'1b9b    0x64  Code  Gb  stm32h5xx_hal_cortex.o [1]
HAL_UART_Init           0x2000'1c11    0x7e  Code  Gb  stm32h5xx_hal_uart.o [1]
HAL_UART_MspInit        0x2000'0d91    0x7a  Code  Gb  w25q64jv_driver.o [1]
HAL_UART_Transmit       0x2000'1c8f    0xca  Code  Gb  stm32h5xx_hal_uart.o [1]
HAL_XSPI_AutoPolling    0x2000'269b    0xd0  Code  Gb  stm32h5xx_hal_xspi.o [1]
HAL_XSPI_Command        0x2000'2431    0xe4  Code  Gb  stm32h5xx_hal_xspi.o [1]
HAL_XSPI_DeInit         0x2000'23ed    0x36  Code  Gb  stm32h5xx_hal_xspi.o [1]
HAL_XSPI_Init           0x2000'22a9   0x144  Code  Gb  stm32h5xx_hal_xspi.o [1]
HAL_XSPI_MemoryMapped   0x2000'276b    0x6e  Code  Gb  stm32h5xx_hal_xspi.o [1]
HAL_XSPI_MspDeInit      0x2000'6421     0x2  Code  Wk  stm32h5xx_hal_xspi.o [1]
HAL_XSPI_MspInit        0x2000'0e0b   0x104  Code  Gb  w25q64jv_driver.o [1]
HAL_XSPI_Receive        0x2000'25bf    0xdc  Code  Gb  stm32h5xx_hal_xspi.o [1]
HAL_XSPI_SetTimeout     0x2000'27db     0x6  Code  Gb  stm32h5xx_hal_xspi.o [1]
HAL_XSPI_Transmit       0x2000'2515    0xaa  Code  Gb  stm32h5xx_hal_xspi.o [1]
Info_BLOCK$$Base                0x0           --   Gb  - Linker created -
Info_BLOCK$$Limit              0xc8           --   Gb  - Linker created -
Init                    0x2000'0055    0x68  Code  Gb  Loader_Src.o [2]
MassErase               0x2000'0101    0x30  Code  Gb  Loader_Src.o [2]
OSPI_AutoPollingMemReady
                        0x2000'0779    0x9a  Code  Gb  w25q64jv_driver.o [1]
QSPI_DeInit             0x2000'064f    0x5c  Code  Gb  w25q64jv_driver.o [1]
QSPI_Init               0x2000'05ef    0x60  Code  Gb  w25q64jv_driver.o [1]
RAM_BLOCK$$Base         0x2000'0004           --   Gb  - Linker created -
RAM_BLOCK$$Limit        0x2000'66cc           --   Gb  - Linker created -
RCCEx_PLL2_Config       0x2000'5b55    0xd2  Code  Lc  stm32h5xx_hal_rcc_ex.o [1]
RCCEx_PLL3_Config       0x2000'5c2d    0xd2  Code  Lc  stm32h5xx_hal_rcc_ex.o [1]
SectorErase             0x2000'0131    0x48  Code  Gb  Loader_Src.o [2]
StorageInfo                     0x0    0xc8  Data  Gb  Dev_Inf.o [2]
SystemClock_Config      0x2000'030f    0xae  Code  Gb  Loader_Src.o [2]
SystemCoreClock         0x2000'66c8     0x4  Data  Gb  system_stm32h5xx.o [1]
SystemInit              0x2000'0481    0x9a  Code  Gb  system_stm32h5xx.o [1]
UARTPrescTable          0x2000'6510    0x18  Data  Gb  stm32h5xx_hal_uart.o [1]
UART_AdvFeatureConfig   0x2000'1fb3    0xda  Code  Gb  stm32h5xx_hal_uart.o [1]
UART_CheckIdleState     0x2000'208d    0xd0  Code  Gb  stm32h5xx_hal_uart.o [1]
UART_EndRxTransfer      0x2000'21ff    0x5a  Code  Lc  stm32h5xx_hal_uart.o [1]
UART_SetConfig          0x2000'1d59   0x258  Code  Gb  stm32h5xx_hal_uart.o [1]
UART_WaitOnFlagUntilTimeout
                        0x2000'215d    0xa2  Code  Gb  stm32h5xx_hal_uart.o [1]
Verify                  0x2000'02a1    0x6e  Code  Gb  Loader_Src.o [2]
W25Q64JV_Delay          0x2000'0d37    0x1c  Code  Lc  w25q64jv_driver.o [1]
W25Q64JV_EraseBlock     0x2000'0885    0xa4  Code  Gb  w25q64jv_driver.o [1]
W25Q64JV_EraseChip      0x2000'0813    0x6e  Code  Gb  w25q64jv_driver.o [1]
W25Q64JV_IsBusy         0x2000'0d05    0x32  Code  Lc  w25q64jv_driver.o [1]
W25Q64JV_MemoryMappedMode
                        0x2000'06ab    0xce  Code  Gb  w25q64jv_driver.o [1]
W25Q64JV_Program        0x2000'0929   0x102  Code  Gb  w25q64jv_driver.o [1]
W25Q64JV_QaudModeEnable
                        0x2000'0ac5    0xe0  Code  Gb  w25q64jv_driver.o [1]
W25Q64JV_ReadStatusReg  0x2000'0c7d    0x88  Code  Lc  w25q64jv_driver.o [1]
W25Q64JV_ResetMemory    0x2000'0a2b    0x96  Code  Gb  w25q64jv_driver.o [1]
W25Q64JV_WriteEnable    0x2000'0ba5    0xd8  Code  Lc  w25q64jv_driver.o [1]
Write                   0x2000'00bd    0x44  Code  Gb  Loader_Src.o [2]
XSPI_ConfigCmd          0x2000'2831   0x236  Code  Lc  stm32h5xx_hal_xspi.o [1]
XSPI_WaitFlagStateUntilTimeout
                        0x2000'27e1    0x50  Code  Lc  stm32h5xx_hal_xspi.o [1]
_PrintfTiny             0x2000'5d45   0x122  Code  Gb  xprintftiny.o [3]
_Prout                  0x2000'647f    0x16  Code  Gb  xprout.o [3]
__NVIC_SetPriorityGrouping
                        0x2000'1b75    0x1e  Code  Lc  stm32h5xx_hal_cortex.o [1]
__aeabi_f2uiz           0x2000'61d9          Code  Gb  FltToU32.o [4]
__aeabi_fadd            0x2000'5f9d          Code  Gb  FltAddSub.o [4]
__aeabi_fdiv            0x2000'5e85          Code  Gb  FltDiv.o [4]
__aeabi_fmul            0x2000'6101          Code  Gb  FltMul.o [4]
__aeabi_ldiv0           0x2000'647d          Code  Gb  I64DivZer.o [5]
__aeabi_memset          0x2000'0419          Code  Gb  ABImemset.o [5]
__aeabi_ui2f            0x2000'5e69          Code  Gb  U32ToFlt.o [4]
__aeabi_uldivmod        0x2000'61f1          Code  Gb  I64DivMod.o [5]
__iar_Memset            0x2000'0419          Code  Gb  ABImemset.o [5]
__iar_Memset_word       0x2000'0421          Code  Gb  ABImemset.o [5]
__iar_llswitch          0x2000'6425          Code  Wk  stm32h5xx_hal_rcc_ex.o [1]
__write                 0x2000'05bd    0x1c  Code  Gb  w25q64jv_driver.o [1]
hospi1                  0x2000'66d0    0x5c  Data  Gb  w25q64jv_driver.o [1]
huart3                  0x2000'672c    0x94  Data  Gb  w25q64jv_driver.o [1]
iar_fputc               0x2000'05d9    0x16  Code  Gb  w25q64jv_driver.o [1]
out                     0x2000'5d2d    0x18  Code  Lc  xprintftiny.o [3]
printf                  0x2000'0fa1    0x28  Code  Gb  printf.o [3]
putchar                 0x2000'6495    0x20  Code  Gb  putchar.o [3]
strlen                  0x2000'6445          Code  Gb  strlen.o [5]
uwTick                  0x2000'66cc     0x4  Data  Gb  stm32h5xx_hal.o [1]
uwTickPrio              0x2000'66c4     0x4  Data  Gb  stm32h5xx_hal.o [1]


[1] = C:\WorkSpace\ExternalLoader_STM32H5_W25Q64\Project\W25Q64JV_STM32H562\Obj\Library_12270351780628986503.dir
[2] = C:\WorkSpace\ExternalLoader_STM32H5_W25Q64\Project\W25Q64JV_STM32H562\Obj\Loader_5723430765115092510.dir
[3] = dl7M_tln.a
[4] = m7M_tl.a
[5] = rt7M_tl.a

  25'776 bytes of readonly  code memory
     728 bytes of readonly  data memory
     252 bytes of readwrite data memory

Errors: none
Warnings: none
