###############################################################################
#
# IAR ELF Linker V9.60.3.422/W64 for ARM                  25/Jun/2025  16:01:43
# Copyright 2007-2024 IAR Systems AB.
#
#    Output file  =
#        C:\WorkSpace\ExternalLoader_STM32H5_W25Q64\Project\W25Q64JV_STM32H562\Exe\W25Q64JV_STM32H562.stldr
#    Map file     =
#        C:\WorkSpace\ExternalLoader_STM32H5_W25Q64\Project\W25Q64JV_STM32H562\List\W25Q64JV_STM32H562.map
#    Command line =
#        -f
#        C:\WorkSpace\ExternalLoader_STM32H5_W25Q64\Project\W25Q64JV_STM32H562\Exe\W25Q64JV_STM32H562.stldr.rsp
#        (C:\WorkSpace\ExternalLoader_STM32H5_W25Q64\Project\W25Q64JV_STM32H562\Obj\Loader_5723430765115092510.dir\Dev_Inf.o
#        C:\WorkSpace\ExternalLoader_STM32H5_W25Q64\Project\W25Q64JV_STM32H562\Obj\Loader_5723430765115092510.dir\Loader_Src.o
#        C:\WorkSpace\ExternalLoader_STM32H5_W25Q64\Project\W25Q64JV_STM32H562\Obj\Library_12270351780628986503.dir\stm32h5xx_hal.o
#        C:\WorkSpace\ExternalLoader_STM32H5_W25Q64\Project\W25Q64JV_STM32H562\Obj\Library_12270351780628986503.dir\stm32h5xx_hal_cortex.o
#        C:\WorkSpace\ExternalLoader_STM32H5_W25Q64\Project\W25Q64JV_STM32H562\Obj\Library_12270351780628986503.dir\stm32h5xx_hal_dma.o
#        C:\WorkSpace\ExternalLoader_STM32H5_W25Q64\Project\W25Q64JV_STM32H562\Obj\Library_12270351780628986503.dir\stm32h5xx_hal_dma_ex.o
#        C:\WorkSpace\ExternalLoader_STM32H5_W25Q64\Project\W25Q64JV_STM32H562\Obj\Library_12270351780628986503.dir\stm32h5xx_hal_exti.o
#        C:\WorkSpace\ExternalLoader_STM32H5_W25Q64\Project\W25Q64JV_STM32H562\Obj\Library_12270351780628986503.dir\stm32h5xx_hal_flash.o
#        C:\WorkSpace\ExternalLoader_STM32H5_W25Q64\Project\W25Q64JV_STM32H562\Obj\Library_12270351780628986503.dir\stm32h5xx_hal_flash_ex.o
#        C:\WorkSpace\ExternalLoader_STM32H5_W25Q64\Project\W25Q64JV_STM32H562\Obj\Library_12270351780628986503.dir\stm32h5xx_hal_gpio.o
#        C:\WorkSpace\ExternalLoader_STM32H5_W25Q64\Project\W25Q64JV_STM32H562\Obj\Library_12270351780628986503.dir\stm32h5xx_hal_pwr.o
#        C:\WorkSpace\ExternalLoader_STM32H5_W25Q64\Project\W25Q64JV_STM32H562\Obj\Library_12270351780628986503.dir\stm32h5xx_hal_pwr_ex.o
#        C:\WorkSpace\ExternalLoader_STM32H5_W25Q64\Project\W25Q64JV_STM32H562\Obj\Library_12270351780628986503.dir\stm32h5xx_hal_rcc.o
#        C:\WorkSpace\ExternalLoader_STM32H5_W25Q64\Project\W25Q64JV_STM32H562\Obj\Library_12270351780628986503.dir\stm32h5xx_hal_rcc_ex.o
#        C:\WorkSpace\ExternalLoader_STM32H5_W25Q64\Project\W25Q64JV_STM32H562\Obj\Library_12270351780628986503.dir\stm32h5xx_hal_uart.o
#        C:\WorkSpace\ExternalLoader_STM32H5_W25Q64\Project\W25Q64JV_STM32H562\Obj\Library_12270351780628986503.dir\stm32h5xx_hal_uart_ex.o
#        C:\WorkSpace\ExternalLoader_STM32H5_W25Q64\Project\W25Q64JV_STM32H562\Obj\Library_12270351780628986503.dir\stm32h5xx_hal_usart.o
#        C:\WorkSpace\ExternalLoader_STM32H5_W25Q64\Project\W25Q64JV_STM32H562\Obj\Library_12270351780628986503.dir\stm32h5xx_hal_usart_ex.o
#        C:\WorkSpace\ExternalLoader_STM32H5_W25Q64\Project\W25Q64JV_STM32H562\Obj\Library_12270351780628986503.dir\stm32h5xx_hal_xspi.o
#        C:\WorkSpace\ExternalLoader_STM32H5_W25Q64\Project\W25Q64JV_STM32H562\Obj\Library_12270351780628986503.dir\system_stm32h5xx.o
#        C:\WorkSpace\ExternalLoader_STM32H5_W25Q64\Project\W25Q64JV_STM32H562\Obj\Library_12270351780628986503.dir\w25q64jv_driver.o
#        --no_out_extension -o
#        C:\WorkSpace\ExternalLoader_STM32H5_W25Q64\Project\W25Q64JV_STM32H562\Exe\W25Q64JV_STM32H562.stldr
#        --map
#        C:\WorkSpace\ExternalLoader_STM32H5_W25Q64\Project\W25Q64JV_STM32H562\List\W25Q64JV_STM32H562.map
#        --config C:\WorkSpace\ExternalLoader_STM32H5_W25Q64\Project\Target.icf
#        --semihosting --entry Init --vfe --text_out locale
#        --cpu=Cortex-M33.no_dsp.no_se --fpu=None) --dependencies=n
#        C:\WorkSpace\ExternalLoader_STM32H5_W25Q64\Project\W25Q64JV_STM32H562\Exe\W25Q64JV_STM32H562.stldr.iar_deps
#
###############################################################################

*******************************************************************************
*** RUNTIME MODEL ATTRIBUTES
***

__CPP_Runtime   = 1
__SystemLibrary = DLib
__dlib_version  = 6


*******************************************************************************
*** HEAP SELECTION
***

The basic heap was selected because --advanced_heap
was not specified and the application did not appear to
be primarily optimized for speed.


*******************************************************************************
*** PLACEMENT SUMMARY
***

define block RAM_BLOCK with fixed order { ro code, ro data, rw };
"P1":  place in [from 0x2000'0004 to 0x2004'0000] { block RAM_BLOCK };
"P2":  place in [from 0x2000'0004 to 0x2004'0000] { zi };
define block Info_BLOCK with fixed order { ro data object Dev_Inf.o };
"P3":  place in [from 0x0 to 0x100] { block Info_BLOCK };
do not initialize { section .info, rw };

  Section     Kind         Address  Alignment    Size  Object
  -------     ----         -------  ---------    ----  ------
"P3":                                            0xc8
  Info_BLOCK                   0x0               0xc8  <Block>
    .rodata   const            0x0          4    0xc8  Dev_Inf.o [2]
                            - 0xc8               0xc8

"P1-P2", part 1 of 2:                          0x66c0
  RAM_BLOCK            0x2000'0004             0x66c0  <Block>
    .text     ro code  0x2000'0004          4   0x414  Loader_Src.o [2]
    .text     ro code  0x2000'0418          4    0x66  ABImemset.o [5]
    .text     ro code  0x2000'0480          4    0xf0  system_stm32h5xx.o [1]
    .text     ro code  0x2000'0570          4    0x4c  stm32h5xx_hal.o [1]
    .text     ro code  0x2000'05bc          4   0x9dc  w25q64jv_driver.o [1]
    .text     ro code  0x2000'0f98          4    0x28  printf.o [3]
    .text     ro code  0x2000'0fc0          4   0xb9c  stm32h5xx_hal_rcc.o [1]
    .text     ro code  0x2000'1b5c          4    0x10  stm32h5xx_hal_pwr_ex.o [1]
    .text     ro code  0x2000'1b6c          4    0x9c  stm32h5xx_hal_cortex.o [1]
    .text     ro code  0x2000'1c08          4   0x698  stm32h5xx_hal_uart.o [1]
    .text     ro code  0x2000'22a0          4   0x7d4  stm32h5xx_hal_xspi.o [1]
    .text     ro code  0x2000'2a74          4   0x284  stm32h5xx_hal_gpio.o [1]
    .text     ro code  0x2000'2cf8          4  0x302c  stm32h5xx_hal_rcc_ex.o [1]
    .text     ro code  0x2000'5d24          2   0x13a  xprintftiny.o [3]
    .text     ro code  0x2000'5e60          4    0x1a  U32ToFlt.o [4]
    .text     ro code  0x2000'5e7c          4   0x118  FltDiv.o [4]
    .text     ro code  0x2000'5f94          4   0x162  FltAddSub.o [4]
    .text     ro code  0x2000'60f8          4    0xd8  FltMul.o [4]
    .text     ro code  0x2000'61d0          4    0x18  FltToU32.o [4]
    .text     ro code  0x2000'61e8          4   0x230  I64DivMod.o [5]
    .text     ro code  0x2000'6418          2     0x2  stm32h5xx_hal_xspi.o [1]
    .text     ro code  0x2000'641c          4    0x20  stm32h5xx_hal_rcc_ex.o [1]
    .text     ro code  0x2000'643c          4    0x36  strlen.o [5]
    .text     ro code  0x2000'6474          4     0x2  I64DivZer.o [5]
    .text     ro code  0x2000'6476          2    0x16  xprout.o [3]
    .text     ro code  0x2000'648c          2    0x20  putchar.o [3]
    .rodata   const    0x2000'64ac          4     0xc  Loader_Src.o [2]
    .rodata   const    0x2000'64b8          4     0x8  Loader_Src.o [2]
    .rodata   const    0x2000'64c0          4    0x10  Loader_Src.o [2]
    .rodata   const    0x2000'64d0          4     0x8  Loader_Src.o [2]
    .rodata   const    0x2000'64d8          4     0xc  Loader_Src.o [2]
    .rodata   const    0x2000'64e4          4    0x10  Loader_Src.o [2]
    .rodata   const    0x2000'64f4          4     0xc  Loader_Src.o [2]
    .rodata   const    0x2000'6500          4     0x8  Loader_Src.o [2]
    .rodata   const    0x2000'6508          4    0x18  stm32h5xx_hal_uart.o [1]
    .rodata   const    0x2000'6520          4    0x10  system_stm32h5xx.o [1]
    .rodata   const    0x2000'6530          4     0x8  system_stm32h5xx.o [1]
    .rodata   const    0x2000'6538          4     0xc  w25q64jv_driver.o [1]
    .rodata   const    0x2000'6544          4     0xc  w25q64jv_driver.o [1]
    .rodata   const    0x2000'6550          4    0x10  w25q64jv_driver.o [1]
    .rodata   const    0x2000'6560          4    0x10  w25q64jv_driver.o [1]
    .rodata   const    0x2000'6570          4    0x14  w25q64jv_driver.o [1]
    .rodata   const    0x2000'6584          4    0x14  w25q64jv_driver.o [1]
    .rodata   const    0x2000'6598          4    0x14  w25q64jv_driver.o [1]
    .rodata   const    0x2000'65ac          4    0x14  w25q64jv_driver.o [1]
    .rodata   const    0x2000'65c0          4    0x14  w25q64jv_driver.o [1]
    .rodata   const    0x2000'65d4          4    0x14  w25q64jv_driver.o [1]
    .rodata   const    0x2000'65e8          4    0x10  w25q64jv_driver.o [1]
    .rodata   const    0x2000'65f8          4    0x10  w25q64jv_driver.o [1]
    .rodata   const    0x2000'6608          4    0x20  w25q64jv_driver.o [1]
    .rodata   const    0x2000'6628          4    0x14  w25q64jv_driver.o [1]
    .rodata   const    0x2000'663c          4    0x10  w25q64jv_driver.o [1]
    .rodata   const    0x2000'664c          4    0x14  w25q64jv_driver.o [1]
    .rodata   const    0x2000'6660          4    0x14  w25q64jv_driver.o [1]
    .rodata   const    0x2000'6674          4    0x10  w25q64jv_driver.o [1]
    .rodata   const    0x2000'6684          4    0x10  w25q64jv_driver.o [1]
    .rodata   const    0x2000'6694          4    0x14  w25q64jv_driver.o [1]
    .rodata   const    0x2000'66a8          4    0x14  w25q64jv_driver.o [1]
    .data     rw data  0x2000'66bc          4     0x4  stm32h5xx_hal.o [1]
    .data     rw data  0x2000'66c0          4     0x4  system_stm32h5xx.o [1]
                     - 0x2000'66c4             0x66c0

"P1-P2", part 2 of 2:                            0xf4
  .bss                 0x2000'66c4               0xf4  <Block>
    .bss      uninit   0x2000'66c4          4     0x4  stm32h5xx_hal.o [1]
    .bss      uninit   0x2000'66c8          4    0x5c  w25q64jv_driver.o [1]
    .bss      uninit   0x2000'6724          4    0x94  w25q64jv_driver.o [1]
                     - 0x2000'67b8               0xf4

Unused ranges:

         From           To      Size
         ----           --      ----
         0xc8        0x100      0x39
  0x2000'67b8  0x2004'0000  0x3'9849



*******************************************************************************
*** MODULE SUMMARY
***

    Module                  ro code  ro data  rw data
    ------                  -------  -------  -------
command line/config:
    -------------------------------------------------
    Total:

C:\WorkSpace\ExternalLoader_STM32H5_W25Q64\Project\W25Q64JV_STM32H562\Obj\Library_12270351780628986503.dir: [1]
    stm32h5xx_hal.o              76                 8
    stm32h5xx_hal_cortex.o      156
    stm32h5xx_hal_gpio.o        644
    stm32h5xx_hal_pwr_ex.o       16
    stm32h5xx_hal_rcc.o       2'972
    stm32h5xx_hal_rcc_ex.o   12'364
    stm32h5xx_hal_uart.o      1'688       24
    stm32h5xx_hal_xspi.o      2'006
    system_stm32h5xx.o          240       24        4
    w25q64jv_driver.o         2'524      388      240
    -------------------------------------------------
    Total:                   22'686      436      252

C:\WorkSpace\ExternalLoader_STM32H5_W25Q64\Project\W25Q64JV_STM32H562\Obj\Loader_5723430765115092510.dir: [2]
    Dev_Inf.o                            200
    Loader_Src.o              1'044       92
    -------------------------------------------------
    Total:                    1'044      292

dl7M_tln.a: [3]
    printf.o                     40
    putchar.o                    32
    xprintftiny.o               314
    xprout.o                     22
    -------------------------------------------------
    Total:                      408

m7M_tl.a: [4]
    FltAddSub.o                 354
    FltDiv.o                    280
    FltMul.o                    216
    FltToU32.o                   24
    U32ToFlt.o                   26
    -------------------------------------------------
    Total:                      900

rt7M_tl.a: [5]
    ABImemset.o                 102
    I64DivMod.o                 560
    I64DivZer.o                   2
    strlen.o                     54
    -------------------------------------------------
    Total:                      718

    Gaps                         12
-----------------------------------------------------
    Grand Total:             25'768      728      252


*******************************************************************************
*** ENTRY LIST
***

Entry                       Address    Size  Type      Object
-----                       -------    ----  ----      ------
.bss$$Base              0x2000'66c4           --   Gb  - Linker created -
.bss$$Length                   0xf4           --   Gb  - Linker created -
.bss$$Limit             0x2000'67b8           --   Gb  - Linker created -
AHBPrescTable           0x2000'6520    0x10  Data  Gb  system_stm32h5xx.o [1]
APBPrescTable           0x2000'6530     0x8  Data  Gb  system_stm32h5xx.o [1]
CheckSum                0x2000'0179   0x128  Code  Gb  Loader_Src.o [2]
DoTestFunctionInit      0x2000'0d4f    0x38  Code  Gb  w25q64jv_driver.o [1]
HAL_GPIO_DeInit         0x2000'2be9    0xf6  Code  Gb  stm32h5xx_hal_gpio.o [1]
HAL_GPIO_Init           0x2000'2a75   0x174  Code  Gb  stm32h5xx_hal_gpio.o [1]
HAL_GetTick             0x2000'0033    0x22  Code  Gb  Loader_Src.o [2]
HAL_Init                0x2000'0571    0x3e  Code  Gb  stm32h5xx_hal.o [1]
HAL_InitTick            0x2000'0005    0x2e  Code  Gb  Loader_Src.o [2]
HAL_MspInit             0x2000'0411     0x8  Code  Gb  Loader_Src.o [2]
HAL_NVIC_SetPriorityGrouping
                        0x2000'1b8b     0x8  Code  Gb  stm32h5xx_hal_cortex.o [1]
HAL_PWREx_DisableUCPDDeadBattery
                        0x2000'1b5d     0xc  Code  Gb  stm32h5xx_hal_pwr_ex.o [1]
HAL_RCCEx_GetPLL1ClockFreq
                        0x2000'3e15   0x230  Code  Gb  stm32h5xx_hal_rcc_ex.o [1]
HAL_RCCEx_GetPLL2ClockFreq
                        0x2000'4055   0x22a  Code  Gb  stm32h5xx_hal_rcc_ex.o [1]
HAL_RCCEx_GetPLL3ClockFreq
                        0x2000'427f   0x21e  Code  Gb  stm32h5xx_hal_rcc_ex.o [1]
HAL_RCCEx_GetPeriphCLKFreq
                        0x2000'44d5  0x166a  Code  Gb  stm32h5xx_hal_rcc_ex.o [1]
HAL_RCCEx_PeriphCLKConfig
                        0x2000'2cf9  0x1114  Code  Gb  stm32h5xx_hal_rcc_ex.o [1]
HAL_RCC_ClockConfig     0x2000'163d   0x270  Code  Gb  stm32h5xx_hal_rcc.o [1]
HAL_RCC_GetHCLKFreq     0x2000'1a9d    0x20  Code  Gb  stm32h5xx_hal_rcc.o [1]
HAL_RCC_GetPCLK1Freq    0x2000'1abd    0x1a  Code  Gb  stm32h5xx_hal_rcc.o [1]
HAL_RCC_GetPCLK2Freq    0x2000'1ad7    0x1a  Code  Gb  stm32h5xx_hal_rcc.o [1]
HAL_RCC_GetPCLK3Freq    0x2000'1af5    0x1a  Code  Gb  stm32h5xx_hal_rcc.o [1]
HAL_RCC_GetSysClockFreq
                        0x2000'18d5   0x1c8  Code  Gb  stm32h5xx_hal_rcc.o [1]
HAL_RCC_OscConfig       0x2000'0fc1   0x67c  Code  Gb  stm32h5xx_hal_rcc.o [1]
HAL_SYSTICK_CLKSourceConfig
                        0x2000'1b93    0x64  Code  Gb  stm32h5xx_hal_cortex.o [1]
HAL_UART_Init           0x2000'1c09    0x7e  Code  Gb  stm32h5xx_hal_uart.o [1]
HAL_UART_MspInit        0x2000'0d87    0x7a  Code  Gb  w25q64jv_driver.o [1]
HAL_UART_Transmit       0x2000'1c87    0xca  Code  Gb  stm32h5xx_hal_uart.o [1]
HAL_XSPI_AutoPolling    0x2000'2693    0xd0  Code  Gb  stm32h5xx_hal_xspi.o [1]
HAL_XSPI_Command        0x2000'2429    0xe4  Code  Gb  stm32h5xx_hal_xspi.o [1]
HAL_XSPI_DeInit         0x2000'23e5    0x36  Code  Gb  stm32h5xx_hal_xspi.o [1]
HAL_XSPI_Init           0x2000'22a1   0x144  Code  Gb  stm32h5xx_hal_xspi.o [1]
HAL_XSPI_MemoryMapped   0x2000'2763    0x6e  Code  Gb  stm32h5xx_hal_xspi.o [1]
HAL_XSPI_MspDeInit      0x2000'6419     0x2  Code  Wk  stm32h5xx_hal_xspi.o [1]
HAL_XSPI_MspInit        0x2000'0e05   0x104  Code  Gb  w25q64jv_driver.o [1]
HAL_XSPI_Receive        0x2000'25b7    0xdc  Code  Gb  stm32h5xx_hal_xspi.o [1]
HAL_XSPI_SetTimeout     0x2000'27d3     0x6  Code  Gb  stm32h5xx_hal_xspi.o [1]
HAL_XSPI_Transmit       0x2000'250d    0xaa  Code  Gb  stm32h5xx_hal_xspi.o [1]
Info_BLOCK$$Base                0x0           --   Gb  - Linker created -
Info_BLOCK$$Limit              0xc8           --   Gb  - Linker created -
Init                    0x2000'0055    0x68  Code  Gb  Loader_Src.o [2]
MassErase               0x2000'0101    0x30  Code  Gb  Loader_Src.o [2]
OSPI_AutoPollingMemReady
                        0x2000'077b    0x9a  Code  Gb  w25q64jv_driver.o [1]
QSPI_DeInit             0x2000'064f    0x5e  Code  Gb  w25q64jv_driver.o [1]
QSPI_Init               0x2000'05ef    0x60  Code  Gb  w25q64jv_driver.o [1]
RAM_BLOCK$$Base         0x2000'0004           --   Gb  - Linker created -
RAM_BLOCK$$Limit        0x2000'66c4           --   Gb  - Linker created -
RCCEx_PLL2_Config       0x2000'5b4d    0xd2  Code  Lc  stm32h5xx_hal_rcc_ex.o [1]
RCCEx_PLL3_Config       0x2000'5c25    0xd2  Code  Lc  stm32h5xx_hal_rcc_ex.o [1]
SectorErase             0x2000'0131    0x48  Code  Gb  Loader_Src.o [2]
StorageInfo                     0x0    0xc8  Data  Gb  Dev_Inf.o [2]
SystemClock_Config      0x2000'030f    0xae  Code  Gb  Loader_Src.o [2]
SystemCoreClock         0x2000'66c0     0x4  Data  Gb  system_stm32h5xx.o [1]
SystemInit              0x2000'0481    0x9a  Code  Gb  system_stm32h5xx.o [1]
UARTPrescTable          0x2000'6508    0x18  Data  Gb  stm32h5xx_hal_uart.o [1]
UART_AdvFeatureConfig   0x2000'1fab    0xda  Code  Gb  stm32h5xx_hal_uart.o [1]
UART_CheckIdleState     0x2000'2085    0xd0  Code  Gb  stm32h5xx_hal_uart.o [1]
UART_EndRxTransfer      0x2000'21f7    0x5a  Code  Lc  stm32h5xx_hal_uart.o [1]
UART_SetConfig          0x2000'1d51   0x258  Code  Gb  stm32h5xx_hal_uart.o [1]
UART_WaitOnFlagUntilTimeout
                        0x2000'2155    0xa2  Code  Gb  stm32h5xx_hal_uart.o [1]
Verify                  0x2000'02a1    0x6e  Code  Gb  Loader_Src.o [2]
W25Q64JV_Delay          0x2000'0d33    0x1c  Code  Lc  w25q64jv_driver.o [1]
W25Q64JV_EraseBlock     0x2000'0889    0xa4  Code  Gb  w25q64jv_driver.o [1]
W25Q64JV_EraseChip      0x2000'0815    0x6e  Code  Gb  w25q64jv_driver.o [1]
W25Q64JV_IsBusy         0x2000'0d01    0x32  Code  Lc  w25q64jv_driver.o [1]
W25Q64JV_MemoryMappedMode
                        0x2000'06ad    0xce  Code  Gb  w25q64jv_driver.o [1]
W25Q64JV_Program        0x2000'092d   0x102  Code  Gb  w25q64jv_driver.o [1]
W25Q64JV_QaudModeEnable
                        0x2000'0abd    0xe0  Code  Gb  w25q64jv_driver.o [1]
W25Q64JV_ReadStatusReg  0x2000'0c79    0x88  Code  Lc  w25q64jv_driver.o [1]
W25Q64JV_ResetMemory    0x2000'0a2f    0x8e  Code  Gb  w25q64jv_driver.o [1]
W25Q64JV_WriteEnable    0x2000'0ba1    0xd8  Code  Lc  w25q64jv_driver.o [1]
Write                   0x2000'00bd    0x44  Code  Gb  Loader_Src.o [2]
XSPI_ConfigCmd          0x2000'2829   0x236  Code  Lc  stm32h5xx_hal_xspi.o [1]
XSPI_WaitFlagStateUntilTimeout
                        0x2000'27d9    0x50  Code  Lc  stm32h5xx_hal_xspi.o [1]
_PrintfTiny             0x2000'5d3d   0x122  Code  Gb  xprintftiny.o [3]
_Prout                  0x2000'6477    0x16  Code  Gb  xprout.o [3]
__NVIC_SetPriorityGrouping
                        0x2000'1b6d    0x1e  Code  Lc  stm32h5xx_hal_cortex.o [1]
__aeabi_f2uiz           0x2000'61d1          Code  Gb  FltToU32.o [4]
__aeabi_fadd            0x2000'5f95          Code  Gb  FltAddSub.o [4]
__aeabi_fdiv            0x2000'5e7d          Code  Gb  FltDiv.o [4]
__aeabi_fmul            0x2000'60f9          Code  Gb  FltMul.o [4]
__aeabi_ldiv0           0x2000'6475          Code  Gb  I64DivZer.o [5]
__aeabi_memset          0x2000'0419          Code  Gb  ABImemset.o [5]
__aeabi_ui2f            0x2000'5e61          Code  Gb  U32ToFlt.o [4]
__aeabi_uldivmod        0x2000'61e9          Code  Gb  I64DivMod.o [5]
__iar_Memset            0x2000'0419          Code  Gb  ABImemset.o [5]
__iar_Memset_word       0x2000'0421          Code  Gb  ABImemset.o [5]
__iar_llswitch          0x2000'641d          Code  Wk  stm32h5xx_hal_rcc_ex.o [1]
__write                 0x2000'05bd    0x1c  Code  Gb  w25q64jv_driver.o [1]
hospi1                  0x2000'66c8    0x5c  Data  Gb  w25q64jv_driver.o [1]
huart3                  0x2000'6724    0x94  Data  Gb  w25q64jv_driver.o [1]
iar_fputc               0x2000'05d9    0x16  Code  Gb  w25q64jv_driver.o [1]
out                     0x2000'5d25    0x18  Code  Lc  xprintftiny.o [3]
printf                  0x2000'0f99    0x28  Code  Gb  printf.o [3]
putchar                 0x2000'648d    0x20  Code  Gb  putchar.o [3]
strlen                  0x2000'643d          Code  Gb  strlen.o [5]
uwTick                  0x2000'66c4     0x4  Data  Gb  stm32h5xx_hal.o [1]
uwTickPrio              0x2000'66bc     0x4  Data  Gb  stm32h5xx_hal.o [1]


[1] = C:\WorkSpace\ExternalLoader_STM32H5_W25Q64\Project\W25Q64JV_STM32H562\Obj\Library_12270351780628986503.dir
[2] = C:\WorkSpace\ExternalLoader_STM32H5_W25Q64\Project\W25Q64JV_STM32H562\Obj\Loader_5723430765115092510.dir
[3] = dl7M_tln.a
[4] = m7M_tl.a
[5] = rt7M_tl.a

  25'768 bytes of readonly  code memory
     728 bytes of readonly  data memory
     252 bytes of readwrite data memory

Errors: none
Warnings: none
