###############################################################################
#
# IAR ELF Linker V9.40.1.364/W64 for ARM                  05/Dec/2023  22:02:22
# Copyright 2007-2023 IAR Systems AB.
#
#    Output file  =
#        C:\Workspace\W25Q64JV_STM32H562_FlashLoader\Project\W25Q64JV_STM32H562\Exe\W25Q64JV_STM32H562.stldr
#    Map file     =
#        C:\Workspace\W25Q64JV_STM32H562_FlashLoader\Project\W25Q64JV_STM32H562\List\W25Q64JV_STM32H562.map
#    Command line =
#        -f
#        C:\Workspace\W25Q64JV_STM32H562_FlashLoader\Project\W25Q64JV_STM32H562\Exe\W25Q64JV_STM32H562.stldr.rsp
#        (C:\Workspace\W25Q64JV_STM32H562_FlashLoader\Project\W25Q64JV_STM32H562\Obj\Loader_5723430765115092510.dir\Dev_Inf.o
#        C:\Workspace\W25Q64JV_STM32H562_FlashLoader\Project\W25Q64JV_STM32H562\Obj\Loader_5723430765115092510.dir\Loader_Src.o
#        C:\Workspace\W25Q64JV_STM32H562_FlashLoader\Project\W25Q64JV_STM32H562\Obj\Library_12270351780628986503.dir\stm32h5xx_hal.o
#        C:\Workspace\W25Q64JV_STM32H562_FlashLoader\Project\W25Q64JV_STM32H562\Obj\Library_12270351780628986503.dir\stm32h5xx_hal_cortex.o
#        C:\Workspace\W25Q64JV_STM32H562_FlashLoader\Project\W25Q64JV_STM32H562\Obj\Library_12270351780628986503.dir\stm32h5xx_hal_dma.o
#        C:\Workspace\W25Q64JV_STM32H562_FlashLoader\Project\W25Q64JV_STM32H562\Obj\Library_12270351780628986503.dir\stm32h5xx_hal_dma_ex.o
#        C:\Workspace\W25Q64JV_STM32H562_FlashLoader\Project\W25Q64JV_STM32H562\Obj\Library_12270351780628986503.dir\stm32h5xx_hal_exti.o
#        C:\Workspace\W25Q64JV_STM32H562_FlashLoader\Project\W25Q64JV_STM32H562\Obj\Library_12270351780628986503.dir\stm32h5xx_hal_flash.o
#        C:\Workspace\W25Q64JV_STM32H562_FlashLoader\Project\W25Q64JV_STM32H562\Obj\Library_12270351780628986503.dir\stm32h5xx_hal_flash_ex.o
#        C:\Workspace\W25Q64JV_STM32H562_FlashLoader\Project\W25Q64JV_STM32H562\Obj\Library_12270351780628986503.dir\stm32h5xx_hal_gpio.o
#        C:\Workspace\W25Q64JV_STM32H562_FlashLoader\Project\W25Q64JV_STM32H562\Obj\Library_12270351780628986503.dir\stm32h5xx_hal_pwr.o
#        C:\Workspace\W25Q64JV_STM32H562_FlashLoader\Project\W25Q64JV_STM32H562\Obj\Library_12270351780628986503.dir\stm32h5xx_hal_pwr_ex.o
#        C:\Workspace\W25Q64JV_STM32H562_FlashLoader\Project\W25Q64JV_STM32H562\Obj\Library_12270351780628986503.dir\stm32h5xx_hal_rcc.o
#        C:\Workspace\W25Q64JV_STM32H562_FlashLoader\Project\W25Q64JV_STM32H562\Obj\Library_12270351780628986503.dir\stm32h5xx_hal_rcc_ex.o
#        C:\Workspace\W25Q64JV_STM32H562_FlashLoader\Project\W25Q64JV_STM32H562\Obj\Library_12270351780628986503.dir\stm32h5xx_hal_uart.o
#        C:\Workspace\W25Q64JV_STM32H562_FlashLoader\Project\W25Q64JV_STM32H562\Obj\Library_12270351780628986503.dir\stm32h5xx_hal_uart_ex.o
#        C:\Workspace\W25Q64JV_STM32H562_FlashLoader\Project\W25Q64JV_STM32H562\Obj\Library_12270351780628986503.dir\stm32h5xx_hal_usart.o
#        C:\Workspace\W25Q64JV_STM32H562_FlashLoader\Project\W25Q64JV_STM32H562\Obj\Library_12270351780628986503.dir\stm32h5xx_hal_usart_ex.o
#        C:\Workspace\W25Q64JV_STM32H562_FlashLoader\Project\W25Q64JV_STM32H562\Obj\Library_12270351780628986503.dir\stm32h5xx_hal_xspi.o
#        C:\Workspace\W25Q64JV_STM32H562_FlashLoader\Project\W25Q64JV_STM32H562\Obj\Library_12270351780628986503.dir\system_stm32h5xx.o
#        C:\Workspace\W25Q64JV_STM32H562_FlashLoader\Project\W25Q64JV_STM32H562\Obj\Library_12270351780628986503.dir\w25q64jv_driver.o
#        --no_out_extension -o
#        C:\Workspace\W25Q64JV_STM32H562_FlashLoader\Project\W25Q64JV_STM32H562\Exe\W25Q64JV_STM32H562.stldr
#        --map
#        C:\Workspace\W25Q64JV_STM32H562_FlashLoader\Project\W25Q64JV_STM32H562\List\W25Q64JV_STM32H562.map
#        --config
#        C:\Workspace\W25Q64JV_STM32H562_FlashLoader\Project\Target.icf
#        --semihosting --entry Init --vfe --text_out locale
#        --cpu=Cortex-M33.no_dsp.no_se --fpu=None) --dependencies=n
#        C:\Workspace\W25Q64JV_STM32H562_FlashLoader\Project\W25Q64JV_STM32H562\Exe\W25Q64JV_STM32H562.stldr.iar_deps
#
###############################################################################

*******************************************************************************
*** RUNTIME MODEL ATTRIBUTES
***

__CPP_Runtime   = 1
__SystemLibrary = DLib
__dlib_version  = 6


*******************************************************************************
*** HEAP SELECTION
***

The basic heap was selected because --advanced_heap
was not specified and the application did not appear to
be primarily optimized for speed.


*******************************************************************************
*** PLACEMENT SUMMARY
***

define block RAM_BLOCK with fixed order { ro code, ro data, rw };
"P1":  place in [from 0x2000'3004 to 0x2004'0000] { block RAM_BLOCK };
"P2":  place in [from 0x2000'3004 to 0x2004'0000] { zi };
define block Info_BLOCK with fixed order { ro data object Dev_Inf.o };
"P3":  place in [from 0x0 to 0x100] { block Info_BLOCK };
do not initialize { section .info, rw };

  Section     Kind         Address    Size  Object
  -------     ----         -------    ----  ------
"P3":                                 0xc8
  Info_BLOCK                   0x0    0xc8  <Block>
    .rodata   const            0x0    0xc8  Dev_Inf.o [2]
                            - 0xc8    0xc8

"P1-P2", part 1 of 2:               0x64c8
  RAM_BLOCK            0x2000'3004  0x64c8  <Block>
    .text     ro code  0x2000'3004   0x37c  Loader_Src.o [2]
    .text     ro code  0x2000'3380    0x66  ABImemset.o [5]
    .text     ro code  0x2000'33e8    0xf0  system_stm32h5xx.o [1]
    .text     ro code  0x2000'34d8    0x48  stm32h5xx_hal.o [1]
    .text     ro code  0x2000'3520   0x990  w25q64jv_driver.o [1]
    .text     ro code  0x2000'3eb0    0x28  printf.o [3]
    .text     ro code  0x2000'3ed8   0xb60  stm32h5xx_hal_rcc.o [1]
    .text     ro code  0x2000'4a38    0x30  stm32h5xx_hal_cortex.o [1]
    .text     ro code  0x2000'4a68     0x2  stm32h5xx_hal.o [1]
    .text     ro code  0x2000'4a6c   0x6a0  stm32h5xx_hal_uart.o [1]
    .text     ro code  0x2000'510c   0x78c  stm32h5xx_hal_xspi.o [1]
    .text     ro code  0x2000'5898   0x268  stm32h5xx_hal_gpio.o [1]
    .text     ro code  0x2000'5b00  0x302c  stm32h5xx_hal_rcc_ex.o [1]
    .text     ro code  0x2000'8b2c   0x13c  xprintftiny.o [3]
    .text     ro code  0x2000'8c68    0x1a  U32ToFlt.o [4]
    .text     ro code  0x2000'8c84   0x118  FltDiv.o [4]
    .text     ro code  0x2000'8d9c   0x162  FltAddSub.o [4]
    .text     ro code  0x2000'8f00    0xd8  FltMul.o [4]
    .text     ro code  0x2000'8fd8    0x18  FltToU32.o [4]
    .text     ro code  0x2000'8ff0   0x230  I64DivMod.o [5]
    .text     ro code  0x2000'9220     0x2  stm32h5xx_hal_xspi.o [1]
    .text     ro code  0x2000'9224    0x20  stm32h5xx_hal_rcc_ex.o [1]
    .text     ro code  0x2000'9244    0x36  strlen.o [5]
    .text     ro code  0x2000'927c     0x2  I64DivZer.o [5]
    .text     ro code  0x2000'927e    0x16  xprout.o [3]
    .text     ro code  0x2000'9294    0x20  putchar.o [3]
    .rodata   const    0x2000'92b4     0xc  Loader_Src.o [2]
    .rodata   const    0x2000'92c0     0x8  Loader_Src.o [2]
    .rodata   const    0x2000'92c8    0x10  Loader_Src.o [2]
    .rodata   const    0x2000'92d8     0x8  Loader_Src.o [2]
    .rodata   const    0x2000'92e0     0xc  Loader_Src.o [2]
    .rodata   const    0x2000'92ec    0x10  Loader_Src.o [2]
    .rodata   const    0x2000'92fc     0xc  Loader_Src.o [2]
    .rodata   const    0x2000'9308     0x8  Loader_Src.o [2]
    .rodata   const    0x2000'9310    0x18  stm32h5xx_hal_uart.o [1]
    .rodata   const    0x2000'9328    0x10  system_stm32h5xx.o [1]
    .rodata   const    0x2000'9338     0x8  system_stm32h5xx.o [1]
    .rodata   const    0x2000'9340     0xc  w25q64jv_driver.o [1]
    .rodata   const    0x2000'934c     0xc  w25q64jv_driver.o [1]
    .rodata   const    0x2000'9358    0x10  w25q64jv_driver.o [1]
    .rodata   const    0x2000'9368    0x10  w25q64jv_driver.o [1]
    .rodata   const    0x2000'9378    0x14  w25q64jv_driver.o [1]
    .rodata   const    0x2000'938c    0x14  w25q64jv_driver.o [1]
    .rodata   const    0x2000'93a0    0x14  w25q64jv_driver.o [1]
    .rodata   const    0x2000'93b4    0x14  w25q64jv_driver.o [1]
    .rodata   const    0x2000'93c8    0x14  w25q64jv_driver.o [1]
    .rodata   const    0x2000'93dc    0x14  w25q64jv_driver.o [1]
    .rodata   const    0x2000'93f0    0x10  w25q64jv_driver.o [1]
    .rodata   const    0x2000'9400    0x10  w25q64jv_driver.o [1]
    .rodata   const    0x2000'9410    0x20  w25q64jv_driver.o [1]
    .rodata   const    0x2000'9430    0x14  w25q64jv_driver.o [1]
    .rodata   const    0x2000'9444    0x10  w25q64jv_driver.o [1]
    .rodata   const    0x2000'9454    0x14  w25q64jv_driver.o [1]
    .rodata   const    0x2000'9468    0x14  w25q64jv_driver.o [1]
    .rodata   const    0x2000'947c    0x10  w25q64jv_driver.o [1]
    .rodata   const    0x2000'948c    0x10  w25q64jv_driver.o [1]
    .rodata   const    0x2000'949c    0x14  w25q64jv_driver.o [1]
    .rodata   const    0x2000'94b0    0x14  w25q64jv_driver.o [1]
    .data     rw data  0x2000'94c4     0x4  stm32h5xx_hal.o [1]
    .data     rw data  0x2000'94c8     0x4  system_stm32h5xx.o [1]
                     - 0x2000'94cc  0x64c8

"P1-P2", part 2 of 2:                 0xf0
  .bss                 0x2000'94cc    0xf0  <Block>
    .bss      uninit   0x2000'94cc    0x5c  w25q64jv_driver.o [1]
    .bss      uninit   0x2000'9528    0x94  w25q64jv_driver.o [1]
                     - 0x2000'95bc    0xf0

Unused ranges:

         From           To      Size
         ----           --      ----
         0xc8        0x100      0x39
  0x2000'95bc  0x2004'0000  0x3'6a45



*******************************************************************************
*** MODULE SUMMARY
***

    Module                  ro code  ro data  rw data
    ------                  -------  -------  -------
command line/config:
    -------------------------------------------------
    Total:

C:\Workspace\W25Q64JV_STM32H562_FlashLoader\Project\W25Q64JV_STM32H562\Obj\Library_12270351780628986503.dir: [1]
    stm32h5xx_hal.o              74                 4
    stm32h5xx_hal_cortex.o       48
    stm32h5xx_hal_gpio.o        616
    stm32h5xx_hal_rcc.o       2'912
    stm32h5xx_hal_rcc_ex.o   12'364
    stm32h5xx_hal_uart.o      1'696       24
    stm32h5xx_hal_xspi.o      1'934
    system_stm32h5xx.o          240       24        4
    w25q64jv_driver.o         2'448      388      240
    -------------------------------------------------
    Total:                   22'332      436      248

C:\Workspace\W25Q64JV_STM32H562_FlashLoader\Project\W25Q64JV_STM32H562\Obj\Loader_5723430765115092510.dir: [2]
    Dev_Inf.o                            200
    Loader_Src.o                892       92
    -------------------------------------------------
    Total:                      892      292

dl7M_tln.a: [3]
    printf.o                     40
    putchar.o                    32
    xprintftiny.o               316
    xprout.o                     22
    -------------------------------------------------
    Total:                      410

m7M_tl.a: [4]
    FltAddSub.o                 354
    FltDiv.o                    280
    FltMul.o                    216
    FltToU32.o                   24
    U32ToFlt.o                   26
    -------------------------------------------------
    Total:                      900

rt7M_tl.a: [5]
    ABImemset.o                 102
    I64DivMod.o                 560
    I64DivZer.o                   2
    strlen.o                     54
    -------------------------------------------------
    Total:                      718

    Gaps                         12
-----------------------------------------------------
    Grand Total:             25'264      728      248


*******************************************************************************
*** ENTRY LIST
***

Entry                       Address    Size  Type      Object
-----                       -------    ----  ----      ------
.bss$$Base              0x2000'94cc           --   Gb  - Linker created -
.bss$$Length                   0xf0           --   Gb  - Linker created -
.bss$$Limit             0x2000'95bc           --   Gb  - Linker created -
AHBPrescTable           0x2000'9328    0x10  Data  Gb  system_stm32h5xx.o [1]
APBPrescTable           0x2000'9338     0x8  Data  Gb  system_stm32h5xx.o [1]
CheckSum                0x2000'311b   0x128  Code  Gb  Loader_Src.o [2]
DoTestFunctionInit      0x2000'3c9f    0x38  Code  Gb  w25q64jv_driver.o [1]
HAL_GPIO_DeInit         0x2000'59ed    0xfc  Code  Gb  stm32h5xx_hal_gpio.o [1]
HAL_GPIO_Init           0x2000'5899   0x154  Code  Gb  stm32h5xx_hal_gpio.o [1]
HAL_GetTick             0x2000'3009     0x4  Code  Gb  Loader_Src.o [2]
HAL_Init                0x2000'34d9    0x3a  Code  Gb  stm32h5xx_hal.o [1]
HAL_InitTick            0x2000'3005     0x4  Code  Gb  Loader_Src.o [2]
HAL_MspInit             0x2000'4a69     0x2  Code  Wk  stm32h5xx_hal.o [1]
HAL_NVIC_SetPriorityGrouping
                        0x2000'4a57     0x8  Code  Gb  stm32h5xx_hal_cortex.o [1]
HAL_RCCEx_GetPLL1ClockFreq
                        0x2000'6c1d   0x230  Code  Gb  stm32h5xx_hal_rcc_ex.o [1]
HAL_RCCEx_GetPLL2ClockFreq
                        0x2000'6e5d   0x22a  Code  Gb  stm32h5xx_hal_rcc_ex.o [1]
HAL_RCCEx_GetPLL3ClockFreq
                        0x2000'7087   0x21e  Code  Gb  stm32h5xx_hal_rcc_ex.o [1]
HAL_RCCEx_GetPeriphCLKFreq
                        0x2000'72dd  0x166a  Code  Gb  stm32h5xx_hal_rcc_ex.o [1]
HAL_RCCEx_PeriphCLKConfig
                        0x2000'5b01  0x1114  Code  Gb  stm32h5xx_hal_rcc_ex.o [1]
HAL_RCC_ClockConfig     0x2000'4527   0x272  Code  Gb  stm32h5xx_hal_rcc.o [1]
HAL_RCC_GetHCLKFreq     0x2000'497d    0x20  Code  Gb  stm32h5xx_hal_rcc.o [1]
HAL_RCC_GetPCLK1Freq    0x2000'499d    0x1a  Code  Gb  stm32h5xx_hal_rcc.o [1]
HAL_RCC_GetPCLK2Freq    0x2000'49b7    0x1a  Code  Gb  stm32h5xx_hal_rcc.o [1]
HAL_RCC_GetPCLK3Freq    0x2000'49d1    0x1a  Code  Gb  stm32h5xx_hal_rcc.o [1]
HAL_RCC_GetSysClockFreq
                        0x2000'47b5   0x1c2  Code  Gb  stm32h5xx_hal_rcc.o [1]
HAL_RCC_OscConfig       0x2000'3ed9   0x64e  Code  Gb  stm32h5xx_hal_rcc.o [1]
HAL_UART_Init           0x2000'4a6d    0x7e  Code  Gb  stm32h5xx_hal_uart.o [1]
HAL_UART_MspInit        0x2000'3cd7    0x7a  Code  Gb  w25q64jv_driver.o [1]
HAL_UART_Transmit       0x2000'4aeb    0xde  Code  Gb  stm32h5xx_hal_uart.o [1]
HAL_XSPI_AutoPolling    0x2000'54ff    0xd0  Code  Gb  stm32h5xx_hal_xspi.o [1]
HAL_XSPI_Command        0x2000'5295    0xe4  Code  Gb  stm32h5xx_hal_xspi.o [1]
HAL_XSPI_DeInit         0x2000'5251    0x36  Code  Gb  stm32h5xx_hal_xspi.o [1]
HAL_XSPI_Init           0x2000'510d   0x144  Code  Gb  stm32h5xx_hal_xspi.o [1]
HAL_XSPI_MemoryMapped   0x2000'55cf    0x6e  Code  Gb  stm32h5xx_hal_xspi.o [1]
HAL_XSPI_MspDeInit      0x2000'9221     0x2  Code  Wk  stm32h5xx_hal_xspi.o [1]
HAL_XSPI_MspInit        0x2000'3d51    0xe4  Code  Gb  w25q64jv_driver.o [1]
HAL_XSPI_Receive        0x2000'5423    0xdc  Code  Gb  stm32h5xx_hal_xspi.o [1]
HAL_XSPI_SetTimeout     0x2000'563d     0x6  Code  Gb  stm32h5xx_hal_xspi.o [1]
HAL_XSPI_Transmit       0x2000'5379    0xaa  Code  Gb  stm32h5xx_hal_xspi.o [1]
Info_BLOCK$$Base                0x0           --   Gb  - Linker created -
Info_BLOCK$$Limit              0xc8           --   Gb  - Linker created -
Init                    0x2000'300d    0x56  Code  Gb  Loader_Src.o [2]
MassErase               0x2000'30a5    0x30  Code  Gb  Loader_Src.o [2]
OSPI_AutoPollingMemReady
                        0x2000'36e7    0x9a  Code  Gb  w25q64jv_driver.o [1]
QSPI_DeInit             0x2000'35bb    0x5e  Code  Gb  w25q64jv_driver.o [1]
QSPI_Init               0x2000'3553    0x68  Code  Gb  w25q64jv_driver.o [1]
RAM_BLOCK$$Base         0x2000'3004           --   Gb  - Linker created -
RAM_BLOCK$$Limit        0x2000'94cc           --   Gb  - Linker created -
RCCEx_PLL2_Config       0x2000'8955    0xd2  Code  Lc  stm32h5xx_hal_rcc_ex.o [1]
RCCEx_PLL3_Config       0x2000'8a2d    0xd2  Code  Lc  stm32h5xx_hal_rcc_ex.o [1]
SectorErase             0x2000'30d5    0x46  Code  Gb  Loader_Src.o [2]
StorageInfo                     0x0    0xc8  Data  Gb  Dev_Inf.o [2]
SystemClock_Config      0x2000'32b3    0x9c  Code  Gb  Loader_Src.o [2]
SystemCoreClock         0x2000'94c8     0x4  Data  Gb  system_stm32h5xx.o [1]
SystemInit              0x2000'33e9    0x9a  Code  Gb  system_stm32h5xx.o [1]
UARTPrescTable          0x2000'9310    0x18  Data  Gb  stm32h5xx_hal_uart.o [1]
UART_AdvFeatureConfig   0x2000'4e23    0xda  Code  Gb  stm32h5xx_hal_uart.o [1]
UART_CheckIdleState     0x2000'4efd    0xd0  Code  Gb  stm32h5xx_hal_uart.o [1]
UART_EndRxTransfer      0x2000'5065    0x5a  Code  Lc  stm32h5xx_hal_uart.o [1]
UART_SetConfig          0x2000'4bc9   0x25a  Code  Gb  stm32h5xx_hal_uart.o [1]
UART_WaitOnFlagUntilTimeout
                        0x2000'4fcd    0x98  Code  Gb  stm32h5xx_hal_uart.o [1]
Verify                  0x2000'3243    0x70  Code  Gb  Loader_Src.o [2]
W25Q64JV_EraseBlock     0x2000'37ef    0x9c  Code  Gb  w25q64jv_driver.o [1]
W25Q64JV_EraseChip      0x2000'3781    0x6e  Code  Gb  w25q64jv_driver.o [1]
W25Q64JV_IsBusy         0x2000'3c6d    0x32  Code  Lc  w25q64jv_driver.o [1]
W25Q64JV_MemoryMappedMode
                        0x2000'3619    0xce  Code  Gb  w25q64jv_driver.o [1]
W25Q64JV_Program        0x2000'3891   0x112  Code  Gb  w25q64jv_driver.o [1]
W25Q64JV_QaudModeEnable
                        0x2000'3a2b    0xdc  Code  Gb  w25q64jv_driver.o [1]
W25Q64JV_ReadStatusReg  0x2000'3be5    0x88  Code  Lc  w25q64jv_driver.o [1]
W25Q64JV_ResetMemory    0x2000'39a3    0x88  Code  Gb  w25q64jv_driver.o [1]
W25Q64JV_WriteEnable    0x2000'3b07    0xd8  Code  Lc  w25q64jv_driver.o [1]
Write                   0x2000'3063    0x42  Code  Gb  Loader_Src.o [2]
XSPI_ConfigCmd          0x2000'5693   0x1f0  Code  Lc  stm32h5xx_hal_xspi.o [1]
XSPI_WaitFlagStateUntilTimeout
                        0x2000'5643    0x50  Code  Lc  stm32h5xx_hal_xspi.o [1]
_PrintfTiny             0x2000'8b45   0x124  Code  Gb  xprintftiny.o [3]
_Prout                  0x2000'927f    0x16  Code  Gb  xprout.o [3]
__NVIC_SetPriorityGrouping
                        0x2000'4a39    0x1e  Code  Lc  stm32h5xx_hal_cortex.o [1]
__aeabi_f2uiz           0x2000'8fd9          Code  Gb  FltToU32.o [4]
__aeabi_fadd            0x2000'8d9d          Code  Gb  FltAddSub.o [4]
__aeabi_fdiv            0x2000'8c85          Code  Gb  FltDiv.o [4]
__aeabi_fmul            0x2000'8f01          Code  Gb  FltMul.o [4]
__aeabi_ldiv0           0x2000'927d          Code  Gb  I64DivZer.o [5]
__aeabi_memset          0x2000'3381          Code  Gb  ABImemset.o [5]
__aeabi_ui2f            0x2000'8c69          Code  Gb  U32ToFlt.o [4]
__aeabi_uldivmod        0x2000'8ff1          Code  Gb  I64DivMod.o [5]
__iar_Memset            0x2000'3381          Code  Gb  ABImemset.o [5]
__iar_Memset_word       0x2000'3389          Code  Gb  ABImemset.o [5]
__iar_llswitch          0x2000'9225          Code  Wk  stm32h5xx_hal_rcc_ex.o [1]
__write                 0x2000'3521    0x1c  Code  Gb  w25q64jv_driver.o [1]
hospi1                  0x2000'94cc    0x5c  Data  Gb  w25q64jv_driver.o [1]
huart1                  0x2000'9528    0x94  Data  Gb  w25q64jv_driver.o [1]
iar_fputc               0x2000'353d    0x16  Code  Gb  w25q64jv_driver.o [1]
out                     0x2000'8b2d    0x18  Code  Lc  xprintftiny.o [3]
printf                  0x2000'3eb1    0x28  Code  Gb  printf.o [3]
putchar                 0x2000'9295    0x20  Code  Gb  putchar.o [3]
strlen                  0x2000'9245          Code  Gb  strlen.o [5]
uwTickPrio              0x2000'94c4     0x4  Data  Gb  stm32h5xx_hal.o [1]


[1] = C:\Workspace\W25Q64JV_STM32H562_FlashLoader\Project\W25Q64JV_STM32H562\Obj\Library_12270351780628986503.dir
[2] = C:\Workspace\W25Q64JV_STM32H562_FlashLoader\Project\W25Q64JV_STM32H562\Obj\Loader_5723430765115092510.dir
[3] = dl7M_tln.a
[4] = m7M_tl.a
[5] = rt7M_tl.a

  25'264 bytes of readonly  code memory
     728 bytes of readonly  data memory
     248 bytes of readwrite data memory

Errors: none
Warnings: none
