###############################################################################
#
# IAR ELF Linker V9.60.3.422/W64 for ARM                  28/May/2025  12:36:01
# Copyright 2007-2024 IAR Systems AB.
#
#    Output file  =
#        C:\WorkSpace\aa\ExternalLoader_STM32H5_W25Q64\ExternalLoader_STM32H5_W25Q64\Project\W25Q64JV_STM32H562\Exe\W25Q64JV_STM32H562.stldr
#    Map file     =
#        C:\WorkSpace\aa\ExternalLoader_STM32H5_W25Q64\ExternalLoader_STM32H5_W25Q64\Project\W25Q64JV_STM32H562\List\W25Q64JV_STM32H562.map
#    Command line =
#        -f
#        C:\WorkSpace\aa\ExternalLoader_STM32H5_W25Q64\ExternalLoader_STM32H5_W25Q64\Project\W25Q64JV_STM32H562\Exe\W25Q64JV_STM32H562.stldr.rsp
#        (C:\WorkSpace\aa\ExternalLoader_STM32H5_W25Q64\ExternalLoader_STM32H5_W25Q64\Project\W25Q64JV_STM32H562\Obj\Loader_5723430765115092510.dir\Dev_Inf.o
#        C:\WorkSpace\aa\ExternalLoader_STM32H5_W25Q64\ExternalLoader_STM32H5_W25Q64\Project\W25Q64JV_STM32H562\Obj\Loader_5723430765115092510.dir\Loader_Src.o
#        C:\WorkSpace\aa\ExternalLoader_STM32H5_W25Q64\ExternalLoader_STM32H5_W25Q64\Project\W25Q64JV_STM32H562\Obj\Library_12270351780628986503.dir\stm32h5xx_hal.o
#        C:\WorkSpace\aa\ExternalLoader_STM32H5_W25Q64\ExternalLoader_STM32H5_W25Q64\Project\W25Q64JV_STM32H562\Obj\Library_12270351780628986503.dir\stm32h5xx_hal_cortex.o
#        C:\WorkSpace\aa\ExternalLoader_STM32H5_W25Q64\ExternalLoader_STM32H5_W25Q64\Project\W25Q64JV_STM32H562\Obj\Library_12270351780628986503.dir\stm32h5xx_hal_dma.o
#        C:\WorkSpace\aa\ExternalLoader_STM32H5_W25Q64\ExternalLoader_STM32H5_W25Q64\Project\W25Q64JV_STM32H562\Obj\Library_12270351780628986503.dir\stm32h5xx_hal_dma_ex.o
#        C:\WorkSpace\aa\ExternalLoader_STM32H5_W25Q64\ExternalLoader_STM32H5_W25Q64\Project\W25Q64JV_STM32H562\Obj\Library_12270351780628986503.dir\stm32h5xx_hal_exti.o
#        C:\WorkSpace\aa\ExternalLoader_STM32H5_W25Q64\ExternalLoader_STM32H5_W25Q64\Project\W25Q64JV_STM32H562\Obj\Library_12270351780628986503.dir\stm32h5xx_hal_flash.o
#        C:\WorkSpace\aa\ExternalLoader_STM32H5_W25Q64\ExternalLoader_STM32H5_W25Q64\Project\W25Q64JV_STM32H562\Obj\Library_12270351780628986503.dir\stm32h5xx_hal_flash_ex.o
#        C:\WorkSpace\aa\ExternalLoader_STM32H5_W25Q64\ExternalLoader_STM32H5_W25Q64\Project\W25Q64JV_STM32H562\Obj\Library_12270351780628986503.dir\stm32h5xx_hal_gpio.o
#        C:\WorkSpace\aa\ExternalLoader_STM32H5_W25Q64\ExternalLoader_STM32H5_W25Q64\Project\W25Q64JV_STM32H562\Obj\Library_12270351780628986503.dir\stm32h5xx_hal_pwr.o
#        C:\WorkSpace\aa\ExternalLoader_STM32H5_W25Q64\ExternalLoader_STM32H5_W25Q64\Project\W25Q64JV_STM32H562\Obj\Library_12270351780628986503.dir\stm32h5xx_hal_pwr_ex.o
#        C:\WorkSpace\aa\ExternalLoader_STM32H5_W25Q64\ExternalLoader_STM32H5_W25Q64\Project\W25Q64JV_STM32H562\Obj\Library_12270351780628986503.dir\stm32h5xx_hal_rcc.o
#        C:\WorkSpace\aa\ExternalLoader_STM32H5_W25Q64\ExternalLoader_STM32H5_W25Q64\Project\W25Q64JV_STM32H562\Obj\Library_12270351780628986503.dir\stm32h5xx_hal_rcc_ex.o
#        C:\WorkSpace\aa\ExternalLoader_STM32H5_W25Q64\ExternalLoader_STM32H5_W25Q64\Project\W25Q64JV_STM32H562\Obj\Library_12270351780628986503.dir\stm32h5xx_hal_uart.o
#        C:\WorkSpace\aa\ExternalLoader_STM32H5_W25Q64\ExternalLoader_STM32H5_W25Q64\Project\W25Q64JV_STM32H562\Obj\Library_12270351780628986503.dir\stm32h5xx_hal_uart_ex.o
#        C:\WorkSpace\aa\ExternalLoader_STM32H5_W25Q64\ExternalLoader_STM32H5_W25Q64\Project\W25Q64JV_STM32H562\Obj\Library_12270351780628986503.dir\stm32h5xx_hal_usart.o
#        C:\WorkSpace\aa\ExternalLoader_STM32H5_W25Q64\ExternalLoader_STM32H5_W25Q64\Project\W25Q64JV_STM32H562\Obj\Library_12270351780628986503.dir\stm32h5xx_hal_usart_ex.o
#        C:\WorkSpace\aa\ExternalLoader_STM32H5_W25Q64\ExternalLoader_STM32H5_W25Q64\Project\W25Q64JV_STM32H562\Obj\Library_12270351780628986503.dir\stm32h5xx_hal_xspi.o
#        C:\WorkSpace\aa\ExternalLoader_STM32H5_W25Q64\ExternalLoader_STM32H5_W25Q64\Project\W25Q64JV_STM32H562\Obj\Library_12270351780628986503.dir\system_stm32h5xx.o
#        C:\WorkSpace\aa\ExternalLoader_STM32H5_W25Q64\ExternalLoader_STM32H5_W25Q64\Project\W25Q64JV_STM32H562\Obj\Library_12270351780628986503.dir\w25q64jv_driver.o
#        --no_out_extension -o
#        C:\WorkSpace\aa\ExternalLoader_STM32H5_W25Q64\ExternalLoader_STM32H5_W25Q64\Project\W25Q64JV_STM32H562\Exe\W25Q64JV_STM32H562.stldr
#        --map
#        C:\WorkSpace\aa\ExternalLoader_STM32H5_W25Q64\ExternalLoader_STM32H5_W25Q64\Project\W25Q64JV_STM32H562\List\W25Q64JV_STM32H562.map
#        --config
#        C:\WorkSpace\aa\ExternalLoader_STM32H5_W25Q64\ExternalLoader_STM32H5_W25Q64\Project\Target.icf
#        --semihosting --entry Init --vfe --text_out locale
#        --cpu=Cortex-M33.no_dsp.no_se --fpu=None) --dependencies=n
#        C:\WorkSpace\aa\ExternalLoader_STM32H5_W25Q64\ExternalLoader_STM32H5_W25Q64\Project\W25Q64JV_STM32H562\Exe\W25Q64JV_STM32H562.stldr.iar_deps
#
###############################################################################

*******************************************************************************
*** RUNTIME MODEL ATTRIBUTES
***

__CPP_Runtime   = 1
__SystemLibrary = DLib
__dlib_version  = 6


*******************************************************************************
*** HEAP SELECTION
***

The basic heap was selected because --advanced_heap
was not specified and the application did not appear to
be primarily optimized for speed.


*******************************************************************************
*** PLACEMENT SUMMARY
***

define block RAM_BLOCK with fixed order { ro code, ro data, rw };
"P1":  place in [from 0x2000'3004 to 0x2004'0000] { block RAM_BLOCK };
"P2":  place in [from 0x2000'3004 to 0x2004'0000] { zi };
define block Info_BLOCK with fixed order { ro data object Dev_Inf.o };
"P3":  place in [from 0x0 to 0x100] { block Info_BLOCK };
do not initialize { section .info, rw };

  Section     Kind         Address  Alignment    Size  Object
  -------     ----         -------  ---------    ----  ------
"P3":                                            0xc8
  Info_BLOCK                   0x0               0xc8  <Block>
    .rodata   const            0x0          4    0xc8  Dev_Inf.o [2]
                            - 0xc8               0xc8

"P1-P2", part 1 of 2:                          0x6504
  RAM_BLOCK            0x2000'3004             0x6504  <Block>
    .text     ro code  0x2000'3004          4   0x378  Loader_Src.o [2]
    .text     ro code  0x2000'337c          4    0x66  ABImemset.o [5]
    .text     ro code  0x2000'33e4          4    0xf0  system_stm32h5xx.o [1]
    .text     ro code  0x2000'34d4          4    0x48  stm32h5xx_hal.o [1]
    .text     ro code  0x2000'351c          4   0x98c  w25q64jv_driver.o [1]
    .text     ro code  0x2000'3ea8          4    0x28  printf.o [3]
    .text     ro code  0x2000'3ed0          4   0xb80  stm32h5xx_hal_rcc.o [1]
    .text     ro code  0x2000'4a50          4    0x30  stm32h5xx_hal_cortex.o [1]
    .text     ro code  0x2000'4a80          2     0x2  stm32h5xx_hal.o [1]
    .text     ro code  0x2000'4a84          4   0x6a4  stm32h5xx_hal_uart.o [1]
    .text     ro code  0x2000'5128          4   0x790  stm32h5xx_hal_xspi.o [1]
    .text     ro code  0x2000'58b8          4   0x284  stm32h5xx_hal_gpio.o [1]
    .text     ro code  0x2000'5b3c          4  0x302c  stm32h5xx_hal_rcc_ex.o [1]
    .text     ro code  0x2000'8b68          2   0x13a  xprintftiny.o [3]
    .text     ro code  0x2000'8ca4          4    0x1a  U32ToFlt.o [4]
    .text     ro code  0x2000'8cc0          4   0x118  FltDiv.o [4]
    .text     ro code  0x2000'8dd8          4   0x162  FltAddSub.o [4]
    .text     ro code  0x2000'8f3c          4    0xd8  FltMul.o [4]
    .text     ro code  0x2000'9014          4    0x18  FltToU32.o [4]
    .text     ro code  0x2000'902c          4   0x230  I64DivMod.o [5]
    .text     ro code  0x2000'925c          2     0x2  stm32h5xx_hal_xspi.o [1]
    .text     ro code  0x2000'9260          4    0x20  stm32h5xx_hal_rcc_ex.o [1]
    .text     ro code  0x2000'9280          4    0x36  strlen.o [5]
    .text     ro code  0x2000'92b8          4     0x2  I64DivZer.o [5]
    .text     ro code  0x2000'92ba          2    0x16  xprout.o [3]
    .text     ro code  0x2000'92d0          2    0x20  putchar.o [3]
    .rodata   const    0x2000'92f0          4     0xc  Loader_Src.o [2]
    .rodata   const    0x2000'92fc          4     0x8  Loader_Src.o [2]
    .rodata   const    0x2000'9304          4    0x10  Loader_Src.o [2]
    .rodata   const    0x2000'9314          4     0x8  Loader_Src.o [2]
    .rodata   const    0x2000'931c          4     0xc  Loader_Src.o [2]
    .rodata   const    0x2000'9328          4    0x10  Loader_Src.o [2]
    .rodata   const    0x2000'9338          4     0xc  Loader_Src.o [2]
    .rodata   const    0x2000'9344          4     0x8  Loader_Src.o [2]
    .rodata   const    0x2000'934c          4    0x18  stm32h5xx_hal_uart.o [1]
    .rodata   const    0x2000'9364          4    0x10  system_stm32h5xx.o [1]
    .rodata   const    0x2000'9374          4     0x8  system_stm32h5xx.o [1]
    .rodata   const    0x2000'937c          4     0xc  w25q64jv_driver.o [1]
    .rodata   const    0x2000'9388          4     0xc  w25q64jv_driver.o [1]
    .rodata   const    0x2000'9394          4    0x10  w25q64jv_driver.o [1]
    .rodata   const    0x2000'93a4          4    0x10  w25q64jv_driver.o [1]
    .rodata   const    0x2000'93b4          4    0x14  w25q64jv_driver.o [1]
    .rodata   const    0x2000'93c8          4    0x14  w25q64jv_driver.o [1]
    .rodata   const    0x2000'93dc          4    0x14  w25q64jv_driver.o [1]
    .rodata   const    0x2000'93f0          4    0x14  w25q64jv_driver.o [1]
    .rodata   const    0x2000'9404          4    0x14  w25q64jv_driver.o [1]
    .rodata   const    0x2000'9418          4    0x14  w25q64jv_driver.o [1]
    .rodata   const    0x2000'942c          4    0x10  w25q64jv_driver.o [1]
    .rodata   const    0x2000'943c          4    0x10  w25q64jv_driver.o [1]
    .rodata   const    0x2000'944c          4    0x20  w25q64jv_driver.o [1]
    .rodata   const    0x2000'946c          4    0x14  w25q64jv_driver.o [1]
    .rodata   const    0x2000'9480          4    0x10  w25q64jv_driver.o [1]
    .rodata   const    0x2000'9490          4    0x14  w25q64jv_driver.o [1]
    .rodata   const    0x2000'94a4          4    0x14  w25q64jv_driver.o [1]
    .rodata   const    0x2000'94b8          4    0x10  w25q64jv_driver.o [1]
    .rodata   const    0x2000'94c8          4    0x10  w25q64jv_driver.o [1]
    .rodata   const    0x2000'94d8          4    0x14  w25q64jv_driver.o [1]
    .rodata   const    0x2000'94ec          4    0x14  w25q64jv_driver.o [1]
    .data     rw data  0x2000'9500          4     0x4  stm32h5xx_hal.o [1]
    .data     rw data  0x2000'9504          4     0x4  system_stm32h5xx.o [1]
                     - 0x2000'9508             0x6504

"P1-P2", part 2 of 2:                            0xf0
  .bss                 0x2000'9508               0xf0  <Block>
    .bss      uninit   0x2000'9508          4    0x5c  w25q64jv_driver.o [1]
    .bss      uninit   0x2000'9564          4    0x94  w25q64jv_driver.o [1]
                     - 0x2000'95f8               0xf0

Unused ranges:

         From           To      Size
         ----           --      ----
         0xc8        0x100      0x39
  0x2000'95f8  0x2004'0000  0x3'6a09



*******************************************************************************
*** MODULE SUMMARY
***

    Module                  ro code  ro data  rw data
    ------                  -------  -------  -------
command line/config:
    -------------------------------------------------
    Total:

C:\WorkSpace\aa\ExternalLoader_STM32H5_W25Q64\ExternalLoader_STM32H5_W25Q64\Project\W25Q64JV_STM32H562\Obj\Library_12270351780628986503.dir: [1]
    stm32h5xx_hal.o              74                 4
    stm32h5xx_hal_cortex.o       48
    stm32h5xx_hal_gpio.o        644
    stm32h5xx_hal_rcc.o       2'944
    stm32h5xx_hal_rcc_ex.o   12'364
    stm32h5xx_hal_uart.o      1'700       24
    stm32h5xx_hal_xspi.o      1'938
    system_stm32h5xx.o          240       24        4
    w25q64jv_driver.o         2'444      388      240
    -------------------------------------------------
    Total:                   22'396      436      248

C:\WorkSpace\aa\ExternalLoader_STM32H5_W25Q64\ExternalLoader_STM32H5_W25Q64\Project\W25Q64JV_STM32H562\Obj\Loader_5723430765115092510.dir: [2]
    Dev_Inf.o                            200
    Loader_Src.o                888       92
    -------------------------------------------------
    Total:                      888      292

dl7M_tln.a: [3]
    printf.o                     40
    putchar.o                    32
    xprintftiny.o               314
    xprout.o                     22
    -------------------------------------------------
    Total:                      408

m7M_tl.a: [4]
    FltAddSub.o                 354
    FltDiv.o                    280
    FltMul.o                    216
    FltToU32.o                   24
    U32ToFlt.o                   26
    -------------------------------------------------
    Total:                      900

rt7M_tl.a: [5]
    ABImemset.o                 102
    I64DivMod.o                 560
    I64DivZer.o                   2
    strlen.o                     54
    -------------------------------------------------
    Total:                      718

    Gaps                         14
-----------------------------------------------------
    Grand Total:             25'324      728      248


*******************************************************************************
*** ENTRY LIST
***

Entry                       Address    Size  Type      Object
-----                       -------    ----  ----      ------
.bss$$Base              0x2000'9508           --   Gb  - Linker created -
.bss$$Length                   0xf0           --   Gb  - Linker created -
.bss$$Limit             0x2000'95f8           --   Gb  - Linker created -
AHBPrescTable           0x2000'9364    0x10  Data  Gb  system_stm32h5xx.o [1]
APBPrescTable           0x2000'9374     0x8  Data  Gb  system_stm32h5xx.o [1]
CheckSum                0x2000'3119   0x128  Code  Gb  Loader_Src.o [2]
DoTestFunctionInit      0x2000'3c97    0x38  Code  Gb  w25q64jv_driver.o [1]
HAL_GPIO_DeInit         0x2000'5a2d    0xf6  Code  Gb  stm32h5xx_hal_gpio.o [1]
HAL_GPIO_Init           0x2000'58b9   0x174  Code  Gb  stm32h5xx_hal_gpio.o [1]
HAL_GetTick             0x2000'3009     0x4  Code  Gb  Loader_Src.o [2]
HAL_Init                0x2000'34d5    0x3a  Code  Gb  stm32h5xx_hal.o [1]
HAL_InitTick            0x2000'3005     0x4  Code  Gb  Loader_Src.o [2]
HAL_MspInit             0x2000'4a81     0x2  Code  Wk  stm32h5xx_hal.o [1]
HAL_NVIC_SetPriorityGrouping
                        0x2000'4a6f     0x8  Code  Gb  stm32h5xx_hal_cortex.o [1]
HAL_RCCEx_GetPLL1ClockFreq
                        0x2000'6c59   0x230  Code  Gb  stm32h5xx_hal_rcc_ex.o [1]
HAL_RCCEx_GetPLL2ClockFreq
                        0x2000'6e99   0x22a  Code  Gb  stm32h5xx_hal_rcc_ex.o [1]
HAL_RCCEx_GetPLL3ClockFreq
                        0x2000'70c3   0x21e  Code  Gb  stm32h5xx_hal_rcc_ex.o [1]
HAL_RCCEx_GetPeriphCLKFreq
                        0x2000'7319  0x166a  Code  Gb  stm32h5xx_hal_rcc_ex.o [1]
HAL_RCCEx_PeriphCLKConfig
                        0x2000'5b3d  0x1114  Code  Gb  stm32h5xx_hal_rcc_ex.o [1]
HAL_RCC_ClockConfig     0x2000'4531   0x270  Code  Gb  stm32h5xx_hal_rcc.o [1]
HAL_RCC_GetHCLKFreq     0x2000'4995    0x20  Code  Gb  stm32h5xx_hal_rcc.o [1]
HAL_RCC_GetPCLK1Freq    0x2000'49b5    0x1a  Code  Gb  stm32h5xx_hal_rcc.o [1]
HAL_RCC_GetPCLK2Freq    0x2000'49cf    0x1a  Code  Gb  stm32h5xx_hal_rcc.o [1]
HAL_RCC_GetPCLK3Freq    0x2000'49ed    0x1a  Code  Gb  stm32h5xx_hal_rcc.o [1]
HAL_RCC_GetSysClockFreq
                        0x2000'47c5   0x1c6  Code  Gb  stm32h5xx_hal_rcc.o [1]
HAL_RCC_OscConfig       0x2000'3ed1   0x660  Code  Gb  stm32h5xx_hal_rcc.o [1]
HAL_UART_Init           0x2000'4a85    0x7e  Code  Gb  stm32h5xx_hal_uart.o [1]
HAL_UART_MspInit        0x2000'3ccf    0x7a  Code  Gb  w25q64jv_driver.o [1]
HAL_UART_Transmit       0x2000'4b03    0xde  Code  Gb  stm32h5xx_hal_uart.o [1]
HAL_XSPI_AutoPolling    0x2000'551b    0xd0  Code  Gb  stm32h5xx_hal_xspi.o [1]
HAL_XSPI_Command        0x2000'52b1    0xe4  Code  Gb  stm32h5xx_hal_xspi.o [1]
HAL_XSPI_DeInit         0x2000'526d    0x36  Code  Gb  stm32h5xx_hal_xspi.o [1]
HAL_XSPI_Init           0x2000'5129   0x144  Code  Gb  stm32h5xx_hal_xspi.o [1]
HAL_XSPI_MemoryMapped   0x2000'55eb    0x6e  Code  Gb  stm32h5xx_hal_xspi.o [1]
HAL_XSPI_MspDeInit      0x2000'925d     0x2  Code  Wk  stm32h5xx_hal_xspi.o [1]
HAL_XSPI_MspInit        0x2000'3d49    0xe4  Code  Gb  w25q64jv_driver.o [1]
HAL_XSPI_Receive        0x2000'543f    0xdc  Code  Gb  stm32h5xx_hal_xspi.o [1]
HAL_XSPI_SetTimeout     0x2000'5659     0x6  Code  Gb  stm32h5xx_hal_xspi.o [1]
HAL_XSPI_Transmit       0x2000'5395    0xaa  Code  Gb  stm32h5xx_hal_xspi.o [1]
Info_BLOCK$$Base                0x0           --   Gb  - Linker created -
Info_BLOCK$$Limit              0xc8           --   Gb  - Linker created -
Init                    0x2000'300d    0x56  Code  Gb  Loader_Src.o [2]
MassErase               0x2000'30a3    0x30  Code  Gb  Loader_Src.o [2]
OSPI_AutoPollingMemReady
                        0x2000'36e3    0x9a  Code  Gb  w25q64jv_driver.o [1]
QSPI_DeInit             0x2000'35b7    0x5e  Code  Gb  w25q64jv_driver.o [1]
QSPI_Init               0x2000'354f    0x68  Code  Gb  w25q64jv_driver.o [1]
RAM_BLOCK$$Base         0x2000'3004           --   Gb  - Linker created -
RAM_BLOCK$$Limit        0x2000'9508           --   Gb  - Linker created -
RCCEx_PLL2_Config       0x2000'8991    0xd2  Code  Lc  stm32h5xx_hal_rcc_ex.o [1]
RCCEx_PLL3_Config       0x2000'8a69    0xd2  Code  Lc  stm32h5xx_hal_rcc_ex.o [1]
SectorErase             0x2000'30d3    0x46  Code  Gb  Loader_Src.o [2]
StorageInfo                     0x0    0xc8  Data  Gb  Dev_Inf.o [2]
SystemClock_Config      0x2000'32af    0x9c  Code  Gb  Loader_Src.o [2]
SystemCoreClock         0x2000'9504     0x4  Data  Gb  system_stm32h5xx.o [1]
SystemInit              0x2000'33e5    0x9a  Code  Gb  system_stm32h5xx.o [1]
UARTPrescTable          0x2000'934c    0x18  Data  Gb  stm32h5xx_hal_uart.o [1]
UART_AdvFeatureConfig   0x2000'4e3b    0xda  Code  Gb  stm32h5xx_hal_uart.o [1]
UART_CheckIdleState     0x2000'4f15    0xd0  Code  Gb  stm32h5xx_hal_uart.o [1]
UART_EndRxTransfer      0x2000'507f    0x5a  Code  Lc  stm32h5xx_hal_uart.o [1]
UART_SetConfig          0x2000'4be1   0x258  Code  Gb  stm32h5xx_hal_uart.o [1]
UART_WaitOnFlagUntilTimeout
                        0x2000'4fe5    0x9a  Code  Gb  stm32h5xx_hal_uart.o [1]
Verify                  0x2000'3241    0x6e  Code  Gb  Loader_Src.o [2]
W25Q64JV_EraseBlock     0x2000'37eb    0xa0  Code  Gb  w25q64jv_driver.o [1]
W25Q64JV_EraseChip      0x2000'377d    0x6e  Code  Gb  w25q64jv_driver.o [1]
W25Q64JV_IsBusy         0x2000'3c65    0x32  Code  Lc  w25q64jv_driver.o [1]
W25Q64JV_MemoryMappedMode
                        0x2000'3615    0xce  Code  Gb  w25q64jv_driver.o [1]
W25Q64JV_Program        0x2000'3891   0x10a  Code  Gb  w25q64jv_driver.o [1]
W25Q64JV_QaudModeEnable
                        0x2000'3a23    0xdc  Code  Gb  w25q64jv_driver.o [1]
W25Q64JV_ReadStatusReg  0x2000'3bdd    0x88  Code  Lc  w25q64jv_driver.o [1]
W25Q64JV_ResetMemory    0x2000'399b    0x88  Code  Gb  w25q64jv_driver.o [1]
W25Q64JV_WriteEnable    0x2000'3aff    0xd8  Code  Lc  w25q64jv_driver.o [1]
Write                   0x2000'3063    0x40  Code  Gb  Loader_Src.o [2]
XSPI_ConfigCmd          0x2000'56b1   0x1f0  Code  Lc  stm32h5xx_hal_xspi.o [1]
XSPI_WaitFlagStateUntilTimeout
                        0x2000'565f    0x52  Code  Lc  stm32h5xx_hal_xspi.o [1]
_PrintfTiny             0x2000'8b81   0x122  Code  Gb  xprintftiny.o [3]
_Prout                  0x2000'92bb    0x16  Code  Gb  xprout.o [3]
__NVIC_SetPriorityGrouping
                        0x2000'4a51    0x1e  Code  Lc  stm32h5xx_hal_cortex.o [1]
__aeabi_f2uiz           0x2000'9015          Code  Gb  FltToU32.o [4]
__aeabi_fadd            0x2000'8dd9          Code  Gb  FltAddSub.o [4]
__aeabi_fdiv            0x2000'8cc1          Code  Gb  FltDiv.o [4]
__aeabi_fmul            0x2000'8f3d          Code  Gb  FltMul.o [4]
__aeabi_ldiv0           0x2000'92b9          Code  Gb  I64DivZer.o [5]
__aeabi_memset          0x2000'337d          Code  Gb  ABImemset.o [5]
__aeabi_ui2f            0x2000'8ca5          Code  Gb  U32ToFlt.o [4]
__aeabi_uldivmod        0x2000'902d          Code  Gb  I64DivMod.o [5]
__iar_Memset            0x2000'337d          Code  Gb  ABImemset.o [5]
__iar_Memset_word       0x2000'3385          Code  Gb  ABImemset.o [5]
__iar_llswitch          0x2000'9261          Code  Wk  stm32h5xx_hal_rcc_ex.o [1]
__write                 0x2000'351d    0x1c  Code  Gb  w25q64jv_driver.o [1]
hospi1                  0x2000'9508    0x5c  Data  Gb  w25q64jv_driver.o [1]
huart1                  0x2000'9564    0x94  Data  Gb  w25q64jv_driver.o [1]
iar_fputc               0x2000'3539    0x16  Code  Gb  w25q64jv_driver.o [1]
out                     0x2000'8b69    0x18  Code  Lc  xprintftiny.o [3]
printf                  0x2000'3ea9    0x28  Code  Gb  printf.o [3]
putchar                 0x2000'92d1    0x20  Code  Gb  putchar.o [3]
strlen                  0x2000'9281          Code  Gb  strlen.o [5]
uwTickPrio              0x2000'9500     0x4  Data  Gb  stm32h5xx_hal.o [1]


[1] = C:\WorkSpace\aa\ExternalLoader_STM32H5_W25Q64\ExternalLoader_STM32H5_W25Q64\Project\W25Q64JV_STM32H562\Obj\Library_12270351780628986503.dir
[2] = C:\WorkSpace\aa\ExternalLoader_STM32H5_W25Q64\ExternalLoader_STM32H5_W25Q64\Project\W25Q64JV_STM32H562\Obj\Loader_5723430765115092510.dir
[3] = dl7M_tln.a
[4] = m7M_tl.a
[5] = rt7M_tl.a

  25'324 bytes of readonly  code memory
     728 bytes of readonly  data memory
     248 bytes of readwrite data memory

Errors: none
Warnings: none
